Product: MDK-ARM Lite 5.10
Component: ARM Compiler 5.04 update 1 (build 49)
Tool: armlink [5040049]

==============================================================================

Section Cross References

    main.o(.text) refers to stm32f10x_tim.o(.text) for TIM_GetITStatus
    main.o(.text) refers to nvic.o(.text) for NVIC_init
    main.o(.text) refers to systick.o(.text) for SYSTICK_DelayInit
    main.o(.text) refers to dac_0832_chip.o(.text) for Chip_0832_Port_Init
    main.o(.text) refers to gpio.o(.text) for GPIO_QuickInit
    main.o(.text) refers to timer.o(.text) for TIM_us_Init
    stm32f10x_adc.o(.text) refers to stm32f10x_rcc.o(.text) for RCC_APB2PeriphResetCmd
    stm32f10x_bkp.o(.text) refers to stm32f10x_rcc.o(.text) for RCC_BackupResetCmd
    stm32f10x_can.o(.text) refers to stm32f10x_rcc.o(.text) for RCC_APB1PeriphResetCmd
    stm32f10x_cec.o(.text) refers to stm32f10x_rcc.o(.text) for RCC_APB1PeriphResetCmd
    stm32f10x_dac.o(.text) refers to stm32f10x_rcc.o(.text) for RCC_APB1PeriphResetCmd
    stm32f10x_gpio.o(.text) refers to stm32f10x_rcc.o(.text) for RCC_APB2PeriphResetCmd
    stm32f10x_i2c.o(.text) refers to stm32f10x_rcc.o(.text) for RCC_APB1PeriphResetCmd
    stm32f10x_pwr.o(.text) refers to stm32f10x_rcc.o(.text) for RCC_APB1PeriphResetCmd
    stm32f10x_rcc.o(.text) refers to stm32f10x_rcc.o(.data) for APBAHBPrescTable
    stm32f10x_spi.o(.text) refers to stm32f10x_rcc.o(.text) for RCC_APB2PeriphResetCmd
    stm32f10x_tim.o(.text) refers to stm32f10x_rcc.o(.text) for RCC_APB2PeriphResetCmd
    stm32f10x_usart.o(.text) refers to stm32f10x_rcc.o(.text) for RCC_APB2PeriphResetCmd
    stm32f10x_wwdg.o(.text) refers to stm32f10x_rcc.o(.text) for RCC_APB1PeriphResetCmd
    gpio.o(.text) refers to stm32f10x_rcc.o(.text) for RCC_APB2PeriphClockCmd
    gpio.o(.text) refers to stm32f10x_gpio.o(.text) for GPIO_Init
    systick.o(.text) refers to misc.o(.text) for SysTick_CLKSourceConfig
    systick.o(.text) refers to system_stm32f10x.o(.data) for SystemCoreClock
    systick.o(.text) refers to systick.o(.data) for fac_us
    uart.o(.text) refers to stm32f10x_usart.o(.text) for USART_SendData
    uart.o(.text) refers to stm32f10x_rcc.o(.text) for RCC_APB2PeriphClockCmd
    uart.o(.text) refers to stm32f10x_gpio.o(.text) for GPIO_Init
    uart.o(.text) refers to misc.o(.text) for NVIC_Init
    uart.o(.text) refers to uart.o(.bss) for UART_CallBackTable
    nvic.o(.text) refers to misc.o(.text) for NVIC_PriorityGroupConfig
    exti.o(.text) refers to gpio.o(.text) for GPIO_QuickInit
    exti.o(.text) refers to stm32f10x_rcc.o(.text) for RCC_APB2PeriphClockCmd
    exti.o(.text) refers to stm32f10x_gpio.o(.text) for GPIO_EXTILineConfig
    exti.o(.text) refers to stm32f10x_exti.o(.text) for EXTI_Init
    exti.o(.text) refers to misc.o(.text) for NVIC_Init
    exti.o(.text) refers to exti.o(.bss) for GPIO_CallBackTable
    spi.o(.text) refers to stm32f10x_spi.o(.text) for SPI_I2S_GetFlagStatus
    spi.o(.text) refers to stm32f10x_rcc.o(.text) for RCC_APB2PeriphClockCmd
    spi.o(.text) refers to stm32f10x_gpio.o(.text) for GPIO_Init
    nrf2401.o(.text) refers to spi.o(.text) for SPI_ReadWriteByte
    nrf2401.o(.text) refers to exti.o(.text) for EXTI_IRQcmd
    nrf2401.o(.text) refers to gpio.o(.text) for GPIO_QuickInit
    nrf2401.o(.text) refers to stm32f10x_gpio.o(.text) for GPIO_ResetBits
    nrf2401.o(.text) refers to printfb.o(i.__0printf$bare) for __2printf
    nrf2401.o(.text) refers to nrf2401.o(.constdata) for RX_ADDRESS
    timer.o(.text) refers to stm32f10x_rcc.o(.text) for RCC_APB1PeriphClockCmd
    timer.o(.text) refers to stm32f10x_tim.o(.text) for TIM_TimeBaseInit
    timer.o(.text) refers to misc.o(.text) for NVIC_Init
    timer.o(.text) refers to printfb.o(i.__0printf$bare) for __2printf
    timer.o(.text) refers to gpio.o(.text) for GPIO_QuickInit
    timer.o(.text) refers to stm32f10x_gpio.o(.text) for GPIO_ResetBits
    timer.o(.text) refers to timer.o(.bss) for TIMER_CallBackTable
    adc.o(.text) refers to systick.o(.text) for SYSTICK_DelayMs
    complement_filter.o(.text) refers to f2d.o(.text) for __aeabi_f2d
    complement_filter.o(.text) refers to dmul.o(.text) for __aeabi_dmul
    complement_filter.o(.text) refers to d2f.o(.text) for __aeabi_d2f
    complement_filter.o(.text) refers to fmul.o(.text) for __aeabi_fmul
    complement_filter.o(.text) refers to fadd.o(.text) for __aeabi_fadd
    hmc5883.o(.text) refers to i2c.o(.text) for IIC_Start
    hmc5883.o(.text) refers to systick.o(.text) for SYSTICK_DelayMs
    hmc5883.o(.text) refers to fflti.o(.text) for __aeabi_i2f
    hmc5883.o(.text) refers to fdiv.o(.text) for __aeabi_fdiv
    hmc5883.o(.text) refers to f2d.o(.text) for __aeabi_f2d
    hmc5883.o(.text) refers to atan.o(i.atan) for atan
    hmc5883.o(.text) refers to dmul.o(.text) for __aeabi_dmul
    hmc5883.o(.text) refers to dadd.o(.text) for __aeabi_dadd
    hmc5883.o(.text) refers to d2f.o(.text) for __aeabi_d2f
[...]
    printf2.o(i.__0vprintf$2) refers to uart.o(.text) for fputc
    printf2.o(i.__0vprintf$2) refers to stdout.o(.data) for __stdout
    printf2.o(i.__0vsnprintf$2) refers to printf2.o(i._printf_core) for _printf_core
    printf2.o(i.__0vsnprintf$2) refers to printf2.o(i._snputc) for _snputc
    printf2.o(i.__0vsprintf$2) refers to printf2.o(i._printf_core) for _printf_core
    printf2.o(i.__0vsprintf$2) refers to printf2.o(i._sputc) for _sputc
    printf3.o(i.__0fprintf$3) refers to printf3.o(i._printf_core) for _printf_core
    printf3.o(i.__0fprintf$3) refers to uart.o(.text) for fputc
    printf3.o(i.__0printf$3) refers to printf3.o(i._printf_core) for _printf_core
    printf3.o(i.__0printf$3) refers to uart.o(.text) for fputc
    printf3.o(i.__0printf$3) refers to stdout.o(.data) for __stdout
    printf3.o(i.__0snprintf$3) refers to printf3.o(i._printf_core) for _printf_core
    printf3.o(i.__0snprintf$3) refers to printf3.o(i._snputc) for _snputc
    printf3.o(i.__0sprintf$3) refers to printf3.o(i._printf_core) for _printf_core
    printf3.o(i.__0sprintf$3) refers to printf3.o(i._sputc) for _sputc
    printf3.o(i.__0vfprintf$3) refers to printf3.o(i._printf_core) for _printf_core
    printf3.o(i.__0vfprintf$3) refers to uart.o(.text) for fputc
    printf3.o(i.__0vprintf$3) refers to printf3.o(i._printf_core) for _printf_core
    printf3.o(i.__0vprintf$3) refers to uart.o(.text) for fputc
    printf3.o(i.__0vprintf$3) refers to stdout.o(.data) for __stdout
    printf3.o(i.__0vsnprintf$3) refers to printf3.o(i._printf_core) for _printf_core
    printf3.o(i.__0vsnprintf$3) refers to printf3.o(i._snputc) for _snputc
    printf3.o(i.__0vsprintf$3) refers to printf3.o(i._printf_core) for _printf_core
    printf3.o(i.__0vsprintf$3) refers to printf3.o(i._sputc) for _sputc
    printf3.o(i._printf_core) refers to uidiv.o(.text) for __aeabi_uidivmod
    printf4.o(i.__0fprintf$4) refers to printf4.o(i._printf_core) for _printf_core
    printf4.o(i.__0fprintf$4) refers to uart.o(.text) for fputc
    printf4.o(i.__0printf$4) refers to printf4.o(i._printf_core) for _printf_core
    printf4.o(i.__0printf$4) refers to uart.o(.text) for fputc
    printf4.o(i.__0printf$4) refers to stdout.o(.data) for __stdout
    printf4.o(i.__0snprintf$4) refers to printf4.o(i._printf_core) for _printf_core
    printf4.o(i.__0snprintf$4) refers to printf4.o(i._snputc) for _snputc
    printf4.o(i.__0sprintf$4) refers to printf4.o(i._printf_core) for _printf_core
    printf4.o(i.__0sprintf$4) refers to printf4.o(i._sputc) for _sputc
    printf4.o(i.__0vfprintf$4) refers to printf4.o(i._printf_core) for _printf_core
    printf4.o(i.__0vfprintf$4) refers to uart.o(.text) for fputc
    printf4.o(i.__0vprintf$4) refers to printf4.o(i._printf_core) for _printf_core
    printf4.o(i.__0vprintf$4) refers to uart.o(.text) for fputc
    printf4.o(i.__0vprintf$4) refers to stdout.o(.data) for __stdout
    printf4.o(i.__0vsnprintf$4) refers to printf4.o(i._printf_core) for _printf_core
    printf4.o(i.__0vsnprintf$4) refers to printf4.o(i._snputc) for _snputc
    printf4.o(i.__0vsprintf$4) refers to printf4.o(i._printf_core) for _printf_core
    printf4.o(i.__0vsprintf$4) refers to printf4.o(i._sputc) for _sputc
    printf4.o(i._printf_core) refers to uldiv.o(.text) for __aeabi_uldivmod
    printf5.o(i.__0fprintf$5) refers to printf5.o(i._printf_core) for _printf_core
    printf5.o(i.__0fprintf$5) refers to uart.o(.text) for fputc
    printf5.o(i.__0printf$5) refers to printf5.o(i._printf_core) for _printf_core
    printf5.o(i.__0printf$5) refers to uart.o(.text) for fputc
    printf5.o(i.__0printf$5) refers to stdout.o(.data) for __stdout
    printf5.o(i.__0snprintf$5) refers to printf5.o(i._printf_core) for _printf_core
    printf5.o(i.__0snprintf$5) refers to printf5.o(i._snputc) for _snputc
    printf5.o(i.__0sprintf$5) refers to printf5.o(i._printf_core) for _printf_core
    printf5.o(i.__0sprintf$5) refers to printf5.o(i._sputc) for _sputc
    printf5.o(i.__0vfprintf$5) refers to printf5.o(i._printf_core) for _printf_core
    printf5.o(i.__0vfprintf$5) refers to uart.o(.text) for fputc
    printf5.o(i.__0vprintf$5) refers to printf5.o(i._printf_core) for _printf_core
    printf5.o(i.__0vprintf$5) refers to uart.o(.text) for fputc
    printf5.o(i.__0vprintf$5) refers to stdout.o(.data) for __stdout
    printf5.o(i.__0vsnprintf$5) refers to printf5.o(i._printf_core) for _printf_core
    printf5.o(i.__0vsnprintf$5) refers to printf5.o(i._snputc) for _snputc
    printf5.o(i.__0vsprintf$5) refers to printf5.o(i._printf_core) for _printf_core
    printf5.o(i.__0vsprintf$5) refers to printf5.o(i._sputc) for _sputc
    printf5.o(i._printf_core) refers to uldiv.o(.text) for __aeabi_uldivmod
    printf6.o(i.__0fprintf$6) refers to printf6.o(i._printf_core) for _printf_core
    printf6.o(i.__0fprintf$6) refers to uart.o(.text) for fputc
    printf6.o(i.__0printf$6) refers to printf6.o(i._printf_core) for _printf_core
    printf6.o(i.__0printf$6) refers to uart.o(.text) for fputc
    printf6.o(i.__0printf$6) refers to stdout.o(.data) for __stdout
    printf6.o(i.__0snprintf$6) refers to printf6.o(i._printf_core) for _printf_core
    printf6.o(i.__0snprintf$6) refers to printf6.o(i._snputc) for _snputc
    printf6.o(i.__0sprintf$6) refers to printf6.o(i._printf_core) for _printf_core
    printf6.o(i.__0sprintf$6) refers to printf6.o(i._sputc) for _sputc
    printf6.o(i.__0vfprintf$6) refers to printf6.o(i._printf_core) for _printf_core
    printf6.o(i.__0vfprintf$6) refers to uart.o(.text) for fputc
    printf6.o(i.__0vprintf$6) refers to printf6.o(i._printf_core) for _printf_core
    printf6.o(i.__0vprintf$6) refers to uart.o(.text) for fputc
    printf6.o(i.__0vprintf$6) refers to stdout.o(.data) for __stdout
    printf6.o(i.__0vsnprintf$6) refers to printf6.o(i._printf_core) for _printf_core
    printf6.o(i.__0vsnprintf$6) refers to printf6.o(i._snputc) for _snputc
    printf6.o(i.__0vsprintf$6) refers to printf6.o(i._printf_core) for _printf_core
    printf6.o(i.__0vsprintf$6) refers to printf6.o(i._sputc) for _sputc
    printf6.o(i._printf_core) refers to printf6.o(i._printf_pre_padding) for _printf_pre_padding
    printf6.o(i._printf_core) refers to uidiv.o(.text) for __aeabi_uidivmod
    printf6.o(i._printf_core) refers to printf6.o(i._printf_post_padding) for _printf_post_padding
    printf7.o(i.__0fprintf$7) refers to printf7.o(i._printf_core) for _printf_core
    printf7.o(i.__0fprintf$7) refers to uart.o(.text) for fputc
    printf7.o(i.__0printf$7) refers to printf7.o(i._printf_core) for _printf_core
    printf7.o(i.__0printf$7) refers to uart.o(.text) for fputc
    printf7.o(i.__0printf$7) refers to stdout.o(.data) for __stdout
    printf7.o(i.__0snprintf$7) refers to printf7.o(i._printf_core) for _printf_core
    printf7.o(i.__0snprintf$7) refers to printf7.o(i._snputc) for _snputc
    printf7.o(i.__0sprintf$7) refers to printf7.o(i._printf_core) for _printf_core
    printf7.o(i.__0sprintf$7) refers to printf7.o(i._sputc) for _sputc
    printf7.o(i.__0vfprintf$7) refers to printf7.o(i._printf_core) for _printf_core
    printf7.o(i.__0vfprintf$7) refers to uart.o(.text) for fputc
    printf7.o(i.__0vprintf$7) refers to printf7.o(i._printf_core) for _printf_core
    printf7.o(i.__0vprintf$7) refers to uart.o(.text) for fputc
    printf7.o(i.__0vprintf$7) refers to stdout.o(.data) for __stdout
    printf7.o(i.__0vsnprintf$7) refers to printf7.o(i._printf_core) for _printf_core
    printf7.o(i.__0vsnprintf$7) refers to printf7.o(i._snputc) for _snputc
    printf7.o(i.__0vsprintf$7) refers to printf7.o(i._printf_core) for _printf_core
    printf7.o(i.__0vsprintf$7) refers to printf7.o(i._sputc) for _sputc
    printf7.o(i._printf_core) refers to printf7.o(i._printf_pre_padding) for _printf_pre_padding
    printf7.o(i._printf_core) refers to uldiv.o(.text) for __aeabi_uldivmod
    printf7.o(i._printf_core) refers to printf7.o(i._printf_post_padding) for _printf_post_padding
    printf8.o(i.__0fprintf$8) refers to printf8.o(i._printf_core) for _printf_core
    printf8.o(i.__0fprintf$8) refers to uart.o(.text) for fputc
    printf8.o(i.__0printf$8) refers to printf8.o(i._printf_core) for _printf_core
    printf8.o(i.__0printf$8) refers to uart.o(.text) for fputc
    printf8.o(i.__0printf$8) refers to stdout.o(.data) for __stdout
    printf8.o(i.__0snprintf$8) refers to printf8.o(i._printf_core) for _printf_core
    printf8.o(i.__0snprintf$8) refers to printf8.o(i._snputc) for _snputc
    printf8.o(i.__0sprintf$8) refers to printf8.o(i._printf_core) for _printf_core
    printf8.o(i.__0sprintf$8) refers to printf8.o(i._sputc) for _sputc
    printf8.o(i.__0vfprintf$8) refers to printf8.o(i._printf_core) for _printf_core
    printf8.o(i.__0vfprintf$8) refers to uart.o(.text) for fputc
    printf8.o(i.__0vprintf$8) refers to printf8.o(i._printf_core) for _printf_core
    printf8.o(i.__0vprintf$8) refers to uart.o(.text) for fputc
    printf8.o(i.__0vprintf$8) refers to stdout.o(.data) for __stdout
    printf8.o(i.__0vsnprintf$8) refers to printf8.o(i._printf_core) for _printf_core
    printf8.o(i.__0vsnprintf$8) refers to printf8.o(i._snputc) for _snputc
    printf8.o(i.__0vsprintf$8) refers to printf8.o(i._printf_core) for _printf_core
    printf8.o(i.__0vsprintf$8) refers to printf8.o(i._sputc) for _sputc
    printf8.o(i._printf_core) refers to printf8.o(i._printf_pre_padding) for _printf_pre_padding
    printf8.o(i._printf_core) refers to uldiv.o(.text) for __aeabi_uldivmod
    printf8.o(i._printf_core) refers to printf8.o(i._printf_post_padding) for _printf_post_padding
    printfa.o(i.__0fprintf) refers (Special) to iusefp.o(.text) for __I$use$fp
    printfa.o(i.__0fprintf) refers to printfa.o(i._printf_core) for _printf_core
    printfa.o(i.__0fprintf) refers to uart.o(.text) for fputc
    printfa.o(i.__0printf) refers (Special) to iusefp.o(.text) for __I$use$fp
    printfa.o(i.__0printf) refers to printfa.o(i._printf_core) for _printf_core
    printfa.o(i.__0printf) refers to uart.o(.text) for fputc
    printfa.o(i.__0printf) refers to stdout.o(.data) for __stdout
    printfa.o(i.__0snprintf) refers (Special) to iusefp.o(.text) for __I$use$fp
    printfa.o(i.__0snprintf) refers to printfa.o(i._printf_core) for _printf_core
    printfa.o(i.__0snprintf) refers to printfa.o(i._snputc) for _snputc
    printfa.o(i.__0sprintf) refers (Special) to iusefp.o(.text) for __I$use$fp
    printfa.o(i.__0sprintf) refers to printfa.o(i._printf_core) for _printf_core
    printfa.o(i.__0sprintf) refers to printfa.o(i._sputc) for _sputc
    printfa.o(i.__0vfprintf) refers (Special) to iusefp.o(.text) for __I$use$fp
    printfa.o(i.__0vfprintf) refers to printfa.o(i._printf_core) for _printf_core
    printfa.o(i.__0vfprintf) refers to uart.o(.text) for fputc
    printfa.o(i.__0vprintf) refers (Special) to iusefp.o(.text) for __I$use$fp
    printfa.o(i.__0vprintf) refers to printfa.o(i._printf_core) for _printf_core
    printfa.o(i.__0vprintf) refers to uart.o(.text) for fputc
    printfa.o(i.__0vprintf) refers to stdout.o(.data) for __stdout
    printfa.o(i.__0vsnprintf) refers (Special) to iusefp.o(.text) for __I$use$fp
    printfa.o(i.__0vsnprintf) refers to printfa.o(i._printf_core) for _printf_core
    printfa.o(i.__0vsnprintf) refers to printfa.o(i._snputc) for _snputc
    printfa.o(i.__0vsprintf) refers (Special) to iusefp.o(.text) for __I$use$fp
    printfa.o(i.__0vsprintf) refers to printfa.o(i._printf_core) for _printf_core
    printfa.o(i.__0vsprintf) refers to printfa.o(i._sputc) for _sputc
    printfa.o(i._fp_digits) refers (Special) to iusefp.o(.text) for __I$use$fp
    printfa.o(i._fp_digits) refers to dmul.o(.text) for __aeabi_dmul
    printfa.o(i._fp_digits) refers to ddiv.o(.text) for __aeabi_ddiv
    printfa.o(i._fp_digits) refers to cdrcmple.o(.text) for __aeabi_cdrcmple
    printfa.o(i._fp_digits) refers to dadd.o(.text) for __aeabi_dadd
    printfa.o(i._fp_digits) refers to dfixul.o(.text) for __aeabi_d2ulz
    printfa.o(i._fp_digits) refers to uldiv.o(.text) for __aeabi_uldivmod
    printfa.o(i._printf_core) refers (Special) to iusefp.o(.text) for __I$use$fp
    printfa.o(i._printf_core) refers to printfa.o(i._printf_pre_padding) for _printf_pre_padding
    printfa.o(i._printf_core) refers to uldiv.o(.text) for __aeabi_uldivmod
    printfa.o(i._printf_core) refers to printfa.o(i._printf_post_padding) for _printf_post_padding
    printfa.o(i._printf_core) refers to printfa.o(i._fp_digits) for _fp_digits
    printfa.o(i._printf_core) refers to uidiv.o(.text) for __aeabi_uidivmod
    printfa.o(i._printf_post_padding) refers (Special) to iusefp.o(.text) for __I$use$fp
    printfa.o(i._printf_pre_padding) refers (Special) to iusefp.o(.text) for __I$use$fp
    printfa.o(i._snputc) refers (Special) to iusefp.o(.text) for __I$use$fp
    printfa.o(i._sputc) refers (Special) to iusefp.o(.text) for __I$use$fp
    fadd.o(.text) refers (Special) to iusefp.o(.text) for __I$use$fp
    fadd.o(.text) refers to fepilogue.o(.text) for _float_epilogue
    fmul.o(.text) refers (Special) to iusefp.o(.text) for __I$use$fp
    fdiv.o(.text) refers (Special) to iusefp.o(.text) for __I$use$fp
    fdiv.o(.text) refers to fepilogue.o(.text) for _float_round
    dadd.o(.text) refers (Special) to iusefp.o(.text) for __I$use$fp
    dadd.o(.text) refers to llshl.o(.text) for __aeabi_llsl
    dadd.o(.text) refers to llsshr.o(.text) for __aeabi_lasr
    dadd.o(.text) refers to depilogue.o(.text) for _double_epilogue
    dmul.o(.text) refers (Special) to iusefp.o(.text) for __I$use$fp
    dmul.o(.text) refers to depilogue.o(.text) for _double_epilogue
    ddiv.o(.text) refers (Special) to iusefp.o(.text) for __I$use$fp
    ddiv.o(.text) refers to depilogue.o(.text) for _double_round
    fflti.o(.text) refers (Special) to iusefp.o(.text) for __I$use$fp
    fflti.o(.text) refers to fepilogue.o(.text) for _float_epilogue
    dflti.o(.text) refers (Special) to iusefp.o(.text) for __I$use$fp
    dflti.o(.text) refers to depilogue.o(.text) for _double_epilogue
    ffixi.o(.text) refers (Special) to iusefp.o(.text) for __I$use$fp
    ffixui.o(.text) refers (Special) to iusefp.o(.text) for __I$use$fp
    dfixi.o(.text) refers (Special) to iusefp.o(.text) for __I$use$fp
    dfixi.o(.text) refers to llushr.o(.text) for __aeabi_llsr
    f2d.o(.text) refers (Special) to iusefp.o(.text) for __I$use$fp
    d2f.o(.text) refers (Special) to iusefp.o(.text) for __I$use$fp
    d2f.o(.text) refers to fepilogue.o(.text) for _float_round
    cfcmple.o(.text) refers (Special) to iusefp.o(.text) for __I$use$fp
    cfrcmple.o(.text) refers (Special) to iusefp.o(.text) for __I$use$fp
    cos_i.o(i.__kernel_cos) refers (Special) to iusefp.o(.text) for __I$use$fp
    cos_i.o(i.__kernel_cos) refers to dfixi.o(.text) for __aeabi_d2iz
    cos_i.o(i.__kernel_cos) refers to dmul.o(.text) for __aeabi_dmul
    cos_i.o(i.__kernel_cos) refers to poly.o(i.__kernel_poly) for __kernel_poly
    cos_i.o(i.__kernel_cos) refers to dadd.o(.text) for __aeabi_dsub
    cos_i.o(i.__kernel_cos) refers to dscalb.o(.text) for __ARM_scalbn
    cos_i.o(i.__kernel_cos) refers to cos_i.o(.constdata) for .constdata
    cos_i.o(.constdata) refers (Special) to iusefp.o(.text) for __I$use$fp
    dunder.o(i.__mathlib_dbl_underflow) refers to dscalb.o(.text) for __ARM_scalbn
    fpclassify.o(i.__ARM_fpclassify) refers (Special) to iusefp.o(.text) for __I$use$fp
    poly.o(i.__kernel_poly) refers (Special) to iusefp.o(.text) for __I$use$fp
    poly.o(i.__kernel_poly) refers to dmul.o(.text) for __aeabi_dmul
    poly.o(i.__kernel_poly) refers to dadd.o(.text) for __aeabi_dadd
    qnan.o(.constdata) refers (Special) to iusefp.o(.text) for __I$use$fp
    rred.o(i.__ieee754_rem_pio2) refers (Special) to iusefp.o(.text) for __I$use$fp
    rred.o(i.__ieee754_rem_pio2) refers to dadd.o(.text) for __aeabi_dsub
    rred.o(i.__ieee754_rem_pio2) refers to dmul.o(.text) for __aeabi_dmul
    rred.o(i.__ieee754_rem_pio2) refers to dfixi.o(.text) for __aeabi_d2iz
    rred.o(i.__ieee754_rem_pio2) refers to dflti.o(.text) for __aeabi_i2d
    rred.o(i.__ieee754_rem_pio2) refers to dfltui.o(.text) for __aeabi_ui2d
    rred.o(i.__ieee754_rem_pio2) refers to dscalb.o(.text) for __ARM_scalbn
    rred.o(i.__ieee754_rem_pio2) refers to rred.o(.constdata) for .constdata
    rred.o(i.__use_accurate_range_reduction) refers (Special) to iusefp.o(.text) for __I$use$fp
    rred.o(.constdata) refers (Special) to iusefp.o(.text) for __I$use$fp
    sin_i.o(i.__kernel_sin) refers (Special) to iusefp.o(.text) for __I$use$fp
    sin_i.o(i.__kernel_sin) refers to fpclassify.o(i.__ARM_fpclassify) for __ARM_fpclassify
    sin_i.o(i.__kernel_sin) refers to dunder.o(i.__mathlib_dbl_underflow) for __mathlib_dbl_underflow
    sin_i.o(i.__kernel_sin) refers to dmul.o(.text) for __aeabi_dmul
    sin_i.o(i.__kernel_sin) refers to poly.o(i.__kernel_poly) for __kernel_poly
    sin_i.o(i.__kernel_sin) refers to dscalb.o(.text) for __ARM_scalbn
    sin_i.o(i.__kernel_sin) refers to dadd.o(.text) for __aeabi_dsub
    sin_i.o(i.__kernel_sin) refers to sin_i.o(.constdata) for .constdata
    sin_i.o(.constdata) refers (Special) to iusefp.o(.text) for __I$use$fp
    sin_i_x.o(i.____kernel_sin$lsc) refers (Special) to iusefp.o(.text) for __I$use$fp
    sin_i_x.o(i.____kernel_sin$lsc) refers to dmul.o(.text) for __aeabi_dmul
    sin_i_x.o(i.____kernel_sin$lsc) refers to poly.o(i.__kernel_poly) for __kernel_poly
    sin_i_x.o(i.____kernel_sin$lsc) refers to dscalb.o(.text) for __ARM_scalbn
    sin_i_x.o(i.____kernel_sin$lsc) refers to dadd.o(.text) for __aeabi_dsub
    sin_i_x.o(i.____kernel_sin$lsc) refers to sin_i_x.o(.constdata) for .constdata
    sin_i_x.o(.constdata) refers (Special) to iusefp.o(.text) for __I$use$fp
    entry2.o(.ARM.Collect$$$$00000001) refers to entry2.o(.ARM.Collect$$$$00002712) for __lit__00000000
    entry2.o(.ARM.Collect$$$$00002712) refers to startup_stm32f10x_md.o(STACK) for __initial_sp
    entry2.o(__vectab_stack_and_reset_area) refers to startup_stm32f10x_md.o(STACK) for __initial_sp
    entry2.o(__vectab_stack_and_reset_area) refers to entry.o(.ARM.Collect$$$$00000000) for __main
    entry5.o(.ARM.Collect$$$$00000004) refers to init.o(.text) for __scatterload
    entry9a.o(.ARM.Collect$$$$0000000B) refers to main.o(.text) for main
    entry9b.o(.ARM.Collect$$$$0000000C) refers to main.o(.text) for main
    uldiv.o(.text) refers to llushr.o(.text) for __aeabi_llsr
    uldiv.o(.text) refers to llshl.o(.text) for __aeabi_llsl
    errno.o(i.__aeabi_errno_addr) refers to errno.o(.data) for .data
    errno.o(i.__read_errno) refers to errno.o(.data) for .data
    errno.o(i.__set_errno) refers to errno.o(.data) for .data
    depilogue.o(.text) refers to llshl.o(.text) for __aeabi_llsl
    depilogue.o(.text) refers to llushr.o(.text) for __aeabi_llsr
    dsqrt.o(.text) refers to llushr.o(.text) for __aeabi_llsr
    dsqrt.o(.text) refers to depilogue.o(.text) for _double_round
    dfixul.o(.text) refers to llushr.o(.text) for __aeabi_llsr
    dfixul.o(.text) refers to llshl.o(.text) for __aeabi_llsl
    init.o(.text) refers to entry5.o(.ARM.Collect$$$$00000004) for __main_after_scatterload
    dfltui.o(.text) refers to depilogue.o(.text) for _double_epilogue


==============================================================================

Removing Unused input sections from the image.

    Removing main.o(.rev16_text), (4 bytes).
    Removing main.o(.revsh_text), (4 bytes).
    Removing misc.o(.rev16_text), (4 bytes).
    Removing misc.o(.revsh_text), (4 bytes).
    Removing stm32f10x_adc.o(.rev16_text), (4 bytes).
    Removing stm32f10x_adc.o(.revsh_text), (4 bytes).
    Removing stm32f10x_adc.o(.text), (1102 bytes).
    Removing stm32f10x_bkp.o(.rev16_text), (4 bytes).
    Removing stm32f10x_bkp.o(.revsh_text), (4 bytes).
    Removing stm32f10x_bkp.o(.text), (196 bytes).
    Removing stm32f10x_can.o(.rev16_text), (4 bytes).
    Removing stm32f10x_can.o(.revsh_text), (4 bytes).
    Removing stm32f10x_can.o(.text), (2544 bytes).
    Removing stm32f10x_cec.o(.rev16_text), (4 bytes).
    Removing stm32f10x_cec.o(.revsh_text), (4 bytes).
    Removing stm32f10x_cec.o(.text), (288 bytes).
    Removing stm32f10x_crc.o(.rev16_text), (4 bytes).
    Removing stm32f10x_crc.o(.revsh_text), (4 bytes).
    Removing stm32f10x_crc.o(.text), (72 bytes).
    Removing stm32f10x_dac.o(.rev16_text), (4 bytes).
    Removing stm32f10x_dac.o(.revsh_text), (4 bytes).
    Removing stm32f10x_dac.o(.text), (396 bytes).
    Removing stm32f10x_dbgmcu.o(.rev16_text), (4 bytes).
    Removing stm32f10x_dbgmcu.o(.revsh_text), (4 bytes).
    Removing stm32f10x_dbgmcu.o(.text), (48 bytes).
    Removing stm32f10x_dma.o(.rev16_text), (4 bytes).
    Removing stm32f10x_dma.o(.revsh_text), (4 bytes).
    Removing stm32f10x_dma.o(.text), (596 bytes).
    Removing stm32f10x_exti.o(.rev16_text), (4 bytes).
    Removing stm32f10x_exti.o(.revsh_text), (4 bytes).
    Removing stm32f10x_flash.o(.rev16_text), (4 bytes).
    Removing stm32f10x_flash.o(.revsh_text), (4 bytes).
    Removing stm32f10x_flash.o(.text), (1468 bytes).
    Removing stm32f10x_fsmc.o(.rev16_text), (4 bytes).
    Removing stm32f10x_fsmc.o(.revsh_text), (4 bytes).
    Removing stm32f10x_fsmc.o(.text), (1548 bytes).
    Removing stm32f10x_gpio.o(.rev16_text), (4 bytes).
    Removing stm32f10x_gpio.o(.revsh_text), (4 bytes).
    Removing stm32f10x_i2c.o(.rev16_text), (4 bytes).
    Removing stm32f10x_i2c.o(.revsh_text), (4 bytes).
    Removing stm32f10x_i2c.o(.text), (1028 bytes).
    Removing stm32f10x_iwdg.o(.rev16_text), (4 bytes).
    Removing stm32f10x_iwdg.o(.revsh_text), (4 bytes).
    Removing stm32f10x_iwdg.o(.text), (64 bytes).
    Removing stm32f10x_pwr.o(.rev16_text), (4 bytes).
    Removing stm32f10x_pwr.o(.revsh_text), (4 bytes).
    Removing stm32f10x_pwr.o(.text), (204 bytes).
    Removing stm32f10x_rcc.o(.rev16_text), (4 bytes).
    Removing stm32f10x_rcc.o(.revsh_text), (4 bytes).
    Removing stm32f10x_rtc.o(.rev16_text), (4 bytes).
    Removing stm32f10x_rtc.o(.revsh_text), (4 bytes).
    Removing stm32f10x_rtc.o(.text), (328 bytes).
    Removing stm32f10x_sdio.o(.rev16_text), (4 bytes).
    Removing stm32f10x_sdio.o(.revsh_text), (4 bytes).
    Removing stm32f10x_sdio.o(.text), (468 bytes).
    Removing stm32f10x_spi.o(.rev16_text), (4 bytes).
    Removing stm32f10x_spi.o(.revsh_text), (4 bytes).
    Removing stm32f10x_spi.o(.text), (780 bytes).
    Removing stm32f10x_tim.o(.rev16_text), (4 bytes).
    Removing stm32f10x_tim.o(.revsh_text), (4 bytes).
    Removing stm32f10x_usart.o(.rev16_text), (4 bytes).
    Removing stm32f10x_usart.o(.revsh_text), (4 bytes).
    Removing stm32f10x_wwdg.o(.rev16_text), (4 bytes).
    Removing stm32f10x_wwdg.o(.revsh_text), (4 bytes).
    Removing stm32f10x_wwdg.o(.text), (136 bytes).
    Removing gpio.o(.rev16_text), (4 bytes).
    Removing gpio.o(.revsh_text), (4 bytes).
    Removing systick.o(.rev16_text), (4 bytes).
    Removing systick.o(.revsh_text), (4 bytes).
    Removing uart.o(.rev16_text), (4 bytes).
    Removing uart.o(.revsh_text), (4 bytes).
    Removing nvic.o(.rev16_text), (4 bytes).
    Removing nvic.o(.revsh_text), (4 bytes).
    Removing exti.o(.rev16_text), (4 bytes).
    Removing exti.o(.revsh_text), (4 bytes).
    Removing iwdg.o(.rev16_text), (4 bytes).
    Removing iwdg.o(.revsh_text), (4 bytes).
    Removing iwdg.o(.text), (64 bytes).
    Removing spi.o(.rev16_text), (4 bytes).
    Removing spi.o(.revsh_text), (4 bytes).
    Removing spi.o(.text), (588 bytes).
    Removing nrf2401.o(.rev16_text), (4 bytes).
    Removing nrf2401.o(.revsh_text), (4 bytes).
    Removing nrf2401.o(.text), (932 bytes).
    Removing nrf2401.o(.constdata), (10 bytes).
    Removing timer.o(.rev16_text), (4 bytes).
    Removing timer.o(.revsh_text), (4 bytes).
    Removing adc.o(.rev16_text), (4 bytes).
    Removing adc.o(.revsh_text), (4 bytes).
    Removing adc.o(.text), (816 bytes).
    Removing complement_filter.o(.rev16_text), (4 bytes).
    Removing complement_filter.o(.revsh_text), (4 bytes).
    Removing complement_filter.o(.text), (324 bytes).
    Removing hmc5883.o(.rev16_text), (4 bytes).
    Removing hmc5883.o(.revsh_text), (4 bytes).
    Removing hmc5883.o(.text), (652 bytes).
    Removing hmc5883+mpu6050+kalman.o(.rev16_text), (4 bytes).
    Removing hmc5883+mpu6050+kalman.o(.revsh_text), (4 bytes).
    Removing hmc5883+mpu6050+kalman.o(.text), (1632 bytes).
    Removing i2c.o(.rev16_text), (4 bytes).
    Removing i2c.o(.revsh_text), (4 bytes).
    Removing i2c.o(.text), (652 bytes).
    Removing kalman.o(.rev16_text), (4 bytes).
    Removing kalman.o(.revsh_text), (4 bytes).
    Removing kalman.o(.text), (700 bytes).
    Removing mpu6050_basic.o(.rev16_text), (4 bytes).
    Removing mpu6050_basic.o(.revsh_text), (4 bytes).
    Removing mpu6050_basic.o(.text), (952 bytes).
    Removing my_math.o(.rev16_text), (4 bytes).
    Removing my_math.o(.revsh_text), (4 bytes).
    Removing my_math.o(.text), (112 bytes).
    Removing pid.o(.rev16_text), (4 bytes).
    Removing pid.o(.revsh_text), (4 bytes).
    Removing pid.o(.text), (596 bytes).
    Removing iic_ssd1306.o(.rev16_text), (4 bytes).
    Removing iic_ssd1306.o(.revsh_text), (4 bytes).
    Removing iic_ssd1306.o(.text), (1308 bytes).
    Removing iic_ssd1306.o(.constdata), (2086 bytes).
    Removing iic_ssd1306.o(.data), (1216 bytes).
    Removing quaternion_fix.o(.rev16_text), (4 bytes).
    Removing quaternion_fix.o(.revsh_text), (4 bytes).
    Removing quaternion_fix.o(.text), (1324 bytes).
    Removing quaternion_fix.o(.data), (40 bytes).
    Removing common_filter.o(.rev16_text), (4 bytes).
    Removing common_filter.o(.revsh_text), (4 bytes).
    Removing common_filter.o(.text), (60 bytes).
    Removing dac_0832_chip.o(.rev16_text), (4 bytes).
    Removing dac_0832_chip.o(.revsh_text), (4 bytes).
    Removing startup_stm32f10x_md.o(HEAP), (512 bytes).
    Removing system_stm32f10x.o(.rev16_text), (4 bytes).
    Removing system_stm32f10x.o(.revsh_text), (4 bytes).
    Removing fadd.o(.text), (176 bytes).
    Removing fmul.o(.text), (100 bytes).
    Removing fdiv.o(.text), (124 bytes).
    Removing ddiv.o(.text), (222 bytes).
    Removing fflti.o(.text), (18 bytes).
    Removing dflti.o(.text), (34 bytes).
    Removing ffixi.o(.text), (50 bytes).
    Removing ffixui.o(.text), (40 bytes).
    Removing d2f.o(.text), (56 bytes).
    Removing cfcmple.o(.text), (20 bytes).
    Removing cfrcmple.o(.text), (20 bytes).
    Removing fepilogue.o(.text), (110 bytes).
    Removing dscalb.o(.text), (46 bytes).
    Removing dsqrt.o(.text), (162 bytes).
    Removing dfixul.o(.text), (48 bytes).
    Removing cdcmple.o(.text), (40 bytes).
    Removing cdrcmple.o(.text), (40 bytes).
    Removing dfltui.o(.text), (26 bytes).

149 unused section(s) (total 27550 bytes) removed from the image.

==============================================================================

Image Symbol Table

    Local Symbols

    Symbol Name                              Value     Ov Type        Size  Object(Section)

    ../clib/microlib/division.c              0x00000000   Number         0  uidiv.o ABSOLUTE
    ../clib/microlib/division.c              0x00000000   Number         0  uldiv.o ABSOLUTE
    ../clib/microlib/errno.c                 0x00000000   Number         0  errno.o ABSOLUTE
    ../clib/microlib/init/entry.s            0x00000000   Number         0  entry11a.o ABSOLUTE
    ../clib/microlib/init/entry.s            0x00000000   Number         0  entry10b.o ABSOLUTE
    ../clib/microlib/init/entry.s            0x00000000   Number         0  entry8a.o ABSOLUTE
    ../clib/microlib/init/entry.s            0x00000000   Number         0  entry8b.o ABSOLUTE
    ../clib/microlib/init/entry.s            0x00000000   Number         0  entry5.o ABSOLUTE
    ../clib/microlib/init/entry.s            0x00000000   Number         0  entry9a.o ABSOLUTE
    ../clib/microlib/init/entry.s            0x00000000   Number         0  entry11b.o ABSOLUTE
    ../clib/microlib/init/entry.s            0x00000000   Number         0  entry9b.o ABSOLUTE
    ../clib/microlib/init/entry.s            0x00000000   Number         0  entry.o ABSOLUTE
    ../clib/microlib/init/entry.s            0x00000000   Number         0  entry7b.o ABSOLUTE
    ../clib/microlib/init/entry.s            0x00000000   Number         0  entry7a.o ABSOLUTE
    ../clib/microlib/init/entry.s            0x00000000   Number         0  entry10a.o ABSOLUTE
    ../clib/microlib/init/entry.s            0x00000000   Number         0  entry2.o ABSOLUTE
    ../clib/microlib/longlong.c              0x00000000   Number         0  llshl.o ABSOLUTE
    ../clib/microlib/longlong.c              0x00000000   Number         0  llsshr.o ABSOLUTE
    ../clib/microlib/longlong.c              0x00000000   Number         0  llushr.o ABSOLUTE
    ../clib/microlib/printf/printf.c         0x00000000   Number         0  printf4.o ABSOLUTE
    ../clib/microlib/printf/printf.c         0x00000000   Number         0  printf3.o ABSOLUTE
    ../clib/microlib/printf/printf.c         0x00000000   Number         0  printf2.o ABSOLUTE
    ../clib/microlib/printf/printf.c         0x00000000   Number         0  printf1.o ABSOLUTE
    ../clib/microlib/printf/printf.c         0x00000000   Number         0  printf0.o ABSOLUTE
    ../clib/microlib/printf/printf.c         0x00000000   Number         0  printfb.o ABSOLUTE
    ../clib/microlib/printf/printf.c         0x00000000   Number         0  printf5.o ABSOLUTE
    ../clib/microlib/printf/printf.c         0x00000000   Number         0  printf6.o ABSOLUTE
    ../clib/microlib/printf/printf.c         0x00000000   Number         0  printf7.o ABSOLUTE
    ../clib/microlib/printf/printf.c         0x00000000   Number         0  printf8.o ABSOLUTE
    ../clib/microlib/printf/printf.c         0x00000000   Number         0  printfa.o ABSOLUTE
    ../clib/microlib/stdio/streams.c         0x00000000   Number         0  stdout.o ABSOLUTE
    ../clib/microlib/stubs.s                 0x00000000   Number         0  iusefp.o ABSOLUTE
    ../fplib/microlib/d2f.c                  0x00000000   Number         0  d2f.o ABSOLUTE
    ../fplib/microlib/f2d.c                  0x00000000   Number         0  f2d.o ABSOLUTE
    ../fplib/microlib/fpadd.c                0x00000000   Number         0  dadd.o ABSOLUTE
    ../fplib/microlib/fpadd.c                0x00000000   Number         0  fadd.o ABSOLUTE
    ../fplib/microlib/fpdiv.c                0x00000000   Number         0  ddiv.o ABSOLUTE
    ../fplib/microlib/fpdiv.c                0x00000000   Number         0  fdiv.o ABSOLUTE
    ../fplib/microlib/fpepilogue.c           0x00000000   Number         0  depilogue.o ABSOLUTE
    ../fplib/microlib/fpepilogue.c           0x00000000   Number         0  fepilogue.o ABSOLUTE
    ../fplib/microlib/fpfix.c                0x00000000   Number         0  dfixi.o ABSOLUTE
    ../fplib/microlib/fpfix.c                0x00000000   Number         0  ffixui.o ABSOLUTE
    ../fplib/microlib/fpfix.c                0x00000000   Number         0  dfixul.o ABSOLUTE
    ../fplib/microlib/fpfix.c                0x00000000   Number         0  ffixi.o ABSOLUTE
    ../fplib/microlib/fpflt.c                0x00000000   Number         0  dflti.o ABSOLUTE
    ../fplib/microlib/fpflt.c                0x00000000   Number         0  fflti.o ABSOLUTE
    ../fplib/microlib/fpflt.c                0x00000000   Number         0  dfltui.o ABSOLUTE
    ../fplib/microlib/fpmul.c                0x00000000   Number         0  dmul.o ABSOLUTE
    ../fplib/microlib/fpmul.c                0x00000000   Number         0  fmul.o ABSOLUTE
    ../fplib/microlib/fpscalb.c              0x00000000   Number         0  dscalb.o ABSOLUTE
    ../fplib/microlib/fpsqrt.c               0x00000000   Number         0  dsqrt.o ABSOLUTE
    ../mathlib/asin.c                        0x00000000   Number         0  asin_x.o ABSOLUTE
    ../mathlib/asin.c                        0x00000000   Number         0  asin.o ABSOLUTE
    ../mathlib/atan.c                        0x00000000   Number         0  atan_x.o ABSOLUTE
    ../mathlib/atan.c                        0x00000000   Number         0  atan.o ABSOLUTE
    ../mathlib/atan2.c                       0x00000000   Number         0  atan2.o ABSOLUTE
    ../mathlib/atan2.c                       0x00000000   Number         0  atan2_x.o ABSOLUTE
    ../mathlib/cos.c                         0x00000000   Number         0  cos_x.o ABSOLUTE
    ../mathlib/cos.c                         0x00000000   Number         0  cos.o ABSOLUTE
    ../mathlib/cos_i.c                       0x00000000   Number         0  cos_i.o ABSOLUTE
    ../mathlib/dunder.c                      0x00000000   Number         0  dunder.o ABSOLUTE
    ../mathlib/fpclassify.c                  0x00000000   Number         0  fpclassify.o ABSOLUTE
    ../mathlib/poly.c                        0x00000000   Number         0  poly.o ABSOLUTE
    ../mathlib/qnan.c                        0x00000000   Number         0  qnan.o ABSOLUTE
    ../mathlib/rred.c                        0x00000000   Number         0  rred.o ABSOLUTE
    ../mathlib/sin.c                         0x00000000   Number         0  sin.o ABSOLUTE
    ../mathlib/sin.c                         0x00000000   Number         0  sin_x.o ABSOLUTE
    ../mathlib/sin_i.c                       0x00000000   Number         0  sin_i.o ABSOLUTE
    ../mathlib/sin_i.c                       0x00000000   Number         0  sin_i_x.o ABSOLUTE
    ../mathlib/sqrt.c                        0x00000000   Number         0  sqrt.o ABSOLUTE
    ../mathlib/sqrt.c                        0x00000000   Number         0  sqrt_x.o ABSOLUTE
    ..\..\STM32F10x_StdPeriph_Lib_V3.5.0\Libraries\STM32F10x_StdPeriph_Driver\src\misc.c 0x00000000   Number         0  misc.o ABSOLUTE
    ..\..\STM32F10x_StdPeriph_Lib_V3.5.0\Libraries\STM32F10x_StdPeriph_Driver\src\stm32f10x_adc.c 0x00000000   Number         0  stm32f10x_adc.o ABSOLUTE
    ..\..\STM32F10x_StdPeriph_Lib_V3.5.0\Libraries\STM32F10x_StdPeriph_Driver\src\stm32f10x_bkp.c 0x00000000   Number         0  stm32f10x_bkp.o ABSOLUTE
    ..\..\STM32F10x_StdPeriph_Lib_V3.5.0\Libraries\STM32F10x_StdPeriph_Driver\src\stm32f10x_can.c 0x00000000   Number         0  stm32f10x_can.o ABSOLUTE
    ..\..\STM32F10x_StdPeriph_Lib_V3.5.0\Libraries\STM32F10x_StdPeriph_Driver\src\stm32f10x_cec.c 0x00000000   Number         0  stm32f10x_cec.o ABSOLUTE
    ..\..\STM32F10x_StdPeriph_Lib_V3.5.0\Libraries\STM32F10x_StdPeriph_Driver\src\stm32f10x_crc.c 0x00000000   Number         0  stm32f10x_crc.o ABSOLUTE
    ..\..\STM32F10x_StdPeriph_Lib_V3.5.0\Libraries\STM32F10x_StdPeriph_Driver\src\stm32f10x_dac.c 0x00000000   Number         0  stm32f10x_dac.o ABSOLUTE
    ..\..\STM32F10x_StdPeriph_Lib_V3.5.0\Libraries\STM32F10x_StdPeriph_Driver\src\stm32f10x_dbgmcu.c 0x00000000   Number         0  stm32f10x_dbgmcu.o ABSOLUTE
    ..\..\STM32F10x_StdPeriph_Lib_V3.5.0\Libraries\STM32F10x_StdPeriph_Driver\src\stm32f10x_dma.c 0x00000000   Number         0  stm32f10x_dma.o ABSOLUTE
    ..\..\STM32F10x_StdPeriph_Lib_V3.5.0\Libraries\STM32F10x_StdPeriph_Driver\src\stm32f10x_exti.c 0x00000000   Number         0  stm32f10x_exti.o ABSOLUTE
    ..\..\STM32F10x_StdPeriph_Lib_V3.5.0\Libraries\STM32F10x_StdPeriph_Driver\src\stm32f10x_flash.c 0x00000000   Number         0  stm32f10x_flash.o ABSOLUTE
    ..\..\STM32F10x_StdPeriph_Lib_V3.5.0\Libraries\STM32F10x_StdPeriph_Driver\src\stm32f10x_fsmc.c 0x00000000   Number         0  stm32f10x_fsmc.o ABSOLUTE
    ..\..\STM32F10x_StdPeriph_Lib_V3.5.0\Libraries\STM32F10x_StdPeriph_Driver\src\stm32f10x_gpio.c 0x00000000   Number         0  stm32f10x_gpio.o ABSOLUTE
    ..\..\STM32F10x_StdPeriph_Lib_V3.5.0\Libraries\STM32F10x_StdPeriph_Driver\src\stm32f10x_i2c.c 0x00000000   Number         0  stm32f10x_i2c.o ABSOLUTE
    ..\..\STM32F10x_StdPeriph_Lib_V3.5.0\Libraries\STM32F10x_StdPeriph_Driver\src\stm32f10x_iwdg.c 0x00000000   Number         0  stm32f10x_iwdg.o ABSOLUTE
    ..\..\STM32F10x_StdPeriph_Lib_V3.5.0\Libraries\STM32F10x_StdPeriph_Driver\src\stm32f10x_pwr.c 0x00000000   Number         0  stm32f10x_pwr.o ABSOLUTE
    ..\..\STM32F10x_StdPeriph_Lib_V3.5.0\Libraries\STM32F10x_StdPeriph_Driver\src\stm32f10x_rcc.c 0x00000000   Number         0  stm32f10x_rcc.o ABSOLUTE
    ..\..\STM32F10x_StdPeriph_Lib_V3.5.0\Libraries\STM32F10x_StdPeriph_Driver\src\stm32f10x_rtc.c 0x00000000   Number         0  stm32f10x_rtc.o ABSOLUTE
    ..\..\STM32F10x_StdPeriph_Lib_V3.5.0\Libraries\STM32F10x_StdPeriph_Driver\src\stm32f10x_sdio.c 0x00000000   Number         0  stm32f10x_sdio.o ABSOLUTE
    ..\..\STM32F10x_StdPeriph_Lib_V3.5.0\Libraries\STM32F10x_StdPeriph_Driver\src\stm32f10x_spi.c 0x00000000   Number         0  stm32f10x_spi.o ABSOLUTE
    ..\..\STM32F10x_StdPeriph_Lib_V3.5.0\Libraries\STM32F10x_StdPeriph_Driver\src\stm32f10x_tim.c 0x00000000   Number         0  stm32f10x_tim.o ABSOLUTE
    ..\..\STM32F10x_StdPeriph_Lib_V3.5.0\Libraries\STM32F10x_StdPeriph_Driver\src\stm32f10x_usart.c 0x00000000   Number         0  stm32f10x_usart.o ABSOLUTE
    ..\..\STM32F10x_StdPeriph_Lib_V3.5.0\Libraries\STM32F10x_StdPeriph_Driver\src\stm32f10x_wwdg.c 0x00000000   Number         0  stm32f10x_wwdg.o ABSOLUTE
    ..\..\wenchao_lib\drive\adc.c            0x00000000   Number         0  adc.o ABSOLUTE
    ..\..\wenchao_lib\drive\common_filter.c  0x00000000   Number         0  common_filter.o ABSOLUTE
    ..\..\wenchao_lib\drive\complement_filter.c 0x00000000   Number         0  complement_filter.o ABSOLUTE
    ..\..\wenchao_lib\drive\dac_0832_chip.c  0x00000000   Number         0  dac_0832_chip.o ABSOLUTE
    ..\..\wenchao_lib\drive\exti.c           0x00000000   Number         0  exti.o ABSOLUTE
    ..\..\wenchao_lib\drive\gpio.c           0x00000000   Number         0  gpio.o ABSOLUTE
    ..\..\wenchao_lib\drive\hmc5883+mpu6050+kalman.c 0x00000000   Number         0  hmc5883+mpu6050+kalman.o ABSOLUTE
    ..\..\wenchao_lib\drive\hmc5883.c        0x00000000   Number         0  hmc5883.o ABSOLUTE
    ..\..\wenchao_lib\drive\i2c.c            0x00000000   Number         0  i2c.o ABSOLUTE
    ..\..\wenchao_lib\drive\iic_ssd1306.c    0x00000000   Number         0  iic_ssd1306.o ABSOLUTE
    ..\..\wenchao_lib\drive\iwdg.c           0x00000000   Number         0  iwdg.o ABSOLUTE
    ..\..\wenchao_lib\drive\kalman.c         0x00000000   Number         0  kalman.o ABSOLUTE
    ..\..\wenchao_lib\drive\mpu6050_basic.c  0x00000000   Number         0  mpu6050_basic.o ABSOLUTE
    ..\..\wenchao_lib\drive\my_math.c        0x00000000   Number         0  my_math.o ABSOLUTE
    ..\..\wenchao_lib\drive\nrf2401.c        0x00000000   Number         0  nrf2401.o ABSOLUTE
    ..\..\wenchao_lib\drive\nvic.c           0x00000000   Number         0  nvic.o ABSOLUTE
    ..\..\wenchao_lib\drive\pid.c            0x00000000   Number         0  pid.o ABSOLUTE
    ..\..\wenchao_lib\drive\quaternion_fix.c 0x00000000   Number         0  quaternion_fix.o ABSOLUTE
    ..\..\wenchao_lib\drive\spi.c            0x00000000   Number         0  spi.o ABSOLUTE
    ..\..\wenchao_lib\drive\systick.c        0x00000000   Number         0  systick.o ABSOLUTE
    ..\..\wenchao_lib\drive\timer.c          0x00000000   Number         0  timer.o ABSOLUTE
    ..\..\wenchao_lib\drive\uart.c           0x00000000   Number         0  uart.o ABSOLUTE
    ..\\..\\STM32F10x_StdPeriph_Lib_V3.5.0\\Libraries\\STM32F10x_StdPeriph_Driver\\src\\misc.c 0x00000000   Number         0  misc.o ABSOLUTE
    ..\\..\\STM32F10x_StdPeriph_Lib_V3.5.0\\Libraries\\STM32F10x_StdPeriph_Driver\\src\\stm32f10x_adc.c 0x00000000   Number         0  stm32f10x_adc.o ABSOLUTE
    ..\\..\\STM32F10x_StdPeriph_Lib_V3.5.0\\Libraries\\STM32F10x_StdPeriph_Driver\\src\\stm32f10x_bkp.c 0x00000000   Number         0  stm32f10x_bkp.o ABSOLUTE
    ..\\..\\STM32F10x_StdPeriph_Lib_V3.5.0\\Libraries\\STM32F10x_StdPeriph_Driver\\src\\stm32f10x_can.c 0x00000000   Number         0  stm32f10x_can.o ABSOLUTE
    ..\\..\\STM32F10x_StdPeriph_Lib_V3.5.0\\Libraries\\STM32F10x_StdPeriph_Driver\\src\\stm32f10x_cec.c 0x00000000   Number         0  stm32f10x_cec.o ABSOLUTE
    ..\\..\\STM32F10x_StdPeriph_Lib_V3.5.0\\Libraries\\STM32F10x_StdPeriph_Driver\\src\\stm32f10x_crc.c 0x00000000   Number         0  stm32f10x_crc.o ABSOLUTE
    ..\\..\\STM32F10x_StdPeriph_Lib_V3.5.0\\Libraries\\STM32F10x_StdPeriph_Driver\\src\\stm32f10x_dac.c 0x00000000   Number         0  stm32f10x_dac.o ABSOLUTE
    ..\\..\\STM32F10x_StdPeriph_Lib_V3.5.0\\Libraries\\STM32F10x_StdPeriph_Driver\\src\\stm32f10x_dbgmcu.c 0x00000000   Number         0  stm32f10x_dbgmcu.o ABSOLUTE
    ..\\..\\STM32F10x_StdPeriph_Lib_V3.5.0\\Libraries\\STM32F10x_StdPeriph_Driver\\src\\stm32f10x_dma.c 0x00000000   Number         0  stm32f10x_dma.o ABSOLUTE
    ..\\..\\STM32F10x_StdPeriph_Lib_V3.5.0\\Libraries\\STM32F10x_StdPeriph_Driver\\src\\stm32f10x_exti.c 0x00000000   Number         0  stm32f10x_exti.o ABSOLUTE
    ..\\..\\STM32F10x_StdPeriph_Lib_V3.5.0\\Libraries\\STM32F10x_StdPeriph_Driver\\src\\stm32f10x_flash.c 0x00000000   Number         0  stm32f10x_flash.o ABSOLUTE
    ..\\..\\STM32F10x_StdPeriph_Lib_V3.5.0\\Libraries\\STM32F10x_StdPeriph_Driver\\src\\stm32f10x_fsmc.c 0x00000000   Number         0  stm32f10x_fsmc.o ABSOLUTE
    ..\\..\\STM32F10x_StdPeriph_Lib_V3.5.0\\Libraries\\STM32F10x_StdPeriph_Driver\\src\\stm32f10x_gpio.c 0x00000000   Number         0  stm32f10x_gpio.o ABSOLUTE
    ..\\..\\STM32F10x_StdPeriph_Lib_V3.5.0\\Libraries\\STM32F10x_StdPeriph_Driver\\src\\stm32f10x_i2c.c 0x00000000   Number         0  stm32f10x_i2c.o ABSOLUTE
    ..\\..\\STM32F10x_StdPeriph_Lib_V3.5.0\\Libraries\\STM32F10x_StdPeriph_Driver\\src\\stm32f10x_iwdg.c 0x00000000   Number         0  stm32f10x_iwdg.o ABSOLUTE
    ..\\..\\STM32F10x_StdPeriph_Lib_V3.5.0\\Libraries\\STM32F10x_StdPeriph_Driver\\src\\stm32f10x_pwr.c 0x00000000   Number         0  stm32f10x_pwr.o ABSOLUTE
    ..\\..\\STM32F10x_StdPeriph_Lib_V3.5.0\\Libraries\\STM32F10x_StdPeriph_Driver\\src\\stm32f10x_rcc.c 0x00000000   Number         0  stm32f10x_rcc.o ABSOLUTE
    ..\\..\\STM32F10x_StdPeriph_Lib_V3.5.0\\Libraries\\STM32F10x_StdPeriph_Driver\\src\\stm32f10x_rtc.c 0x00000000   Number         0  stm32f10x_rtc.o ABSOLUTE
    ..\\..\\STM32F10x_StdPeriph_Lib_V3.5.0\\Libraries\\STM32F10x_StdPeriph_Driver\\src\\stm32f10x_sdio.c 0x00000000   Number         0  stm32f10x_sdio.o ABSOLUTE
    ..\\..\\STM32F10x_StdPeriph_Lib_V3.5.0\\Libraries\\STM32F10x_StdPeriph_Driver\\src\\stm32f10x_spi.c 0x00000000   Number         0  stm32f10x_spi.o ABSOLUTE
    ..\\..\\STM32F10x_StdPeriph_Lib_V3.5.0\\Libraries\\STM32F10x_StdPeriph_Driver\\src\\stm32f10x_tim.c 0x00000000   Number         0  stm32f10x_tim.o ABSOLUTE
    ..\\..\\STM32F10x_StdPeriph_Lib_V3.5.0\\Libraries\\STM32F10x_StdPeriph_Driver\\src\\stm32f10x_usart.c 0x00000000   Number         0  stm32f10x_usart.o ABSOLUTE
    ..\\..\\STM32F10x_StdPeriph_Lib_V3.5.0\\Libraries\\STM32F10x_StdPeriph_Driver\\src\\stm32f10x_wwdg.c 0x00000000   Number         0  stm32f10x_wwdg.o ABSOLUTE
    ..\\..\\wenchao_lib\\drive\\adc.c        0x00000000   Number         0  adc.o ABSOLUTE
    ..\\..\\wenchao_lib\\drive\\common_filter.c 0x00000000   Number         0  common_filter.o ABSOLUTE
    ..\\..\\wenchao_lib\\drive\\complement_filter.c 0x00000000   Number         0  complement_filter.o ABSOLUTE
    ..\\..\\wenchao_lib\\drive\\dac_0832_chip.c 0x00000000   Number         0  dac_0832_chip.o ABSOLUTE
    ..\\..\\wenchao_lib\\drive\\exti.c       0x00000000   Number         0  exti.o ABSOLUTE
    ..\\..\\wenchao_lib\\drive\\gpio.c       0x00000000   Number         0  gpio.o ABSOLUTE
    ..\\..\\wenchao_lib\\drive\\hmc5883+mpu6050+kalman.c 0x00000000   Number         0  hmc5883+mpu6050+kalman.o ABSOLUTE
    ..\\..\\wenchao_lib\\drive\\hmc5883.c    0x00000000   Number         0  hmc5883.o ABSOLUTE
    ..\\..\\wenchao_lib\\drive\\i2c.c        0x00000000   Number         0  i2c.o ABSOLUTE
    ..\\..\\wenchao_lib\\drive\\iic_ssd1306.c 0x00000000   Number         0  iic_ssd1306.o ABSOLUTE
    ..\\..\\wenchao_lib\\drive\\iwdg.c       0x00000000   Number         0  iwdg.o ABSOLUTE
    ..\\..\\wenchao_lib\\drive\\kalman.c     0x00000000   Number         0  kalman.o ABSOLUTE
    ..\\..\\wenchao_lib\\drive\\mpu6050_basic.c 0x00000000   Number         0  mpu6050_basic.o ABSOLUTE
    ..\\..\\wenchao_lib\\drive\\my_math.c    0x00000000   Number         0  my_math.o ABSOLUTE
    ..\\..\\wenchao_lib\\drive\\nrf2401.c    0x00000000   Number         0  nrf2401.o ABSOLUTE
    ..\\..\\wenchao_lib\\drive\\nvic.c       0x00000000   Number         0  nvic.o ABSOLUTE
    ..\\..\\wenchao_lib\\drive\\pid.c        0x00000000   Number         0  pid.o ABSOLUTE
    ..\\..\\wenchao_lib\\drive\\quaternion_fix.c 0x00000000   Number         0  quaternion_fix.o ABSOLUTE
    ..\\..\\wenchao_lib\\drive\\spi.c        0x00000000   Number         0  spi.o ABSOLUTE
    ..\\..\\wenchao_lib\\drive\\systick.c    0x00000000   Number         0  systick.o ABSOLUTE
    ..\\..\\wenchao_lib\\drive\\timer.c      0x00000000   Number         0  timer.o ABSOLUTE
    ..\\..\\wenchao_lib\\drive\\uart.c       0x00000000   Number         0  uart.o ABSOLUTE
    RTE\Device\STM32F103C8\startup_stm32f10x_md.s 0x00000000   Number         0  startup_stm32f10x_md.o ABSOLUTE
    RTE\Device\STM32F103C8\system_stm32f10x.c 0x00000000   Number         0  system_stm32f10x.o ABSOLUTE
    RTE\\Device\\STM32F103C8\\system_stm32f10x.c 0x00000000   Number         0  system_stm32f10x.o ABSOLUTE
    cdcmple.s                                0x00000000   Number         0  cdcmple.o ABSOLUTE
    cdrcmple.s                               0x00000000   Number         0  cdrcmple.o ABSOLUTE
    cfcmple.s                                0x00000000   Number         0  cfcmple.o ABSOLUTE
    cfrcmple.s                               0x00000000   Number         0  cfrcmple.o ABSOLUTE
    dc.s                                     0x00000000   Number         0  dc.o ABSOLUTE
    handlers.s                               0x00000000   Number         0  handlers.o ABSOLUTE
    init.s                                   0x00000000   Number         0  init.o ABSOLUTE
    user\\main.c                             0x00000000   Number         0  main.o ABSOLUTE
    user\main.c                              0x00000000   Number         0  main.o ABSOLUTE
    RESET                                    0x08000000   Section      236  startup_stm32f10x_md.o(RESET)
    .ARM.Collect$$$$00000000                 0x080000ec   Section        0  entry.o(.ARM.Collect$$$$00000000)
    .ARM.Collect$$$$00000001                 0x080000ec   Section        4  entry2.o(.ARM.Collect$$$$00000001)
    .ARM.Collect$$$$00000004                 0x080000f0   Section        4  entry5.o(.ARM.Collect$$$$00000004)
    .ARM.Collect$$$$00000008                 0x080000f4   Section        0  entry7b.o(.ARM.Collect$$$$00000008)
    .ARM.Collect$$$$0000000A                 0x080000f4   Section        0  entry8b.o(.ARM.Collect$$$$0000000A)
    .ARM.Collect$$$$0000000B                 0x080000f4   Section        8  entry9a.o(.ARM.Collect$$$$0000000B)
    .ARM.Collect$$$$0000000D                 0x080000fc   Section        0  entry10a.o(.ARM.Collect$$$$0000000D)
    .ARM.Collect$$$$0000000F                 0x080000fc   Section        0  entry11a.o(.ARM.Collect$$$$0000000F)
    .ARM.Collect$$$$00002712                 0x080000fc   Section        4  entry2.o(.ARM.Collect$$$$00002712)
    __lit__00000000                          0x080000fc   Data           4  entry2.o(.ARM.Collect$$$$00002712)
    .text                                    0x08000100   Section        0  main.o(.text)
    .text                                    0x0800018c   Section        0  misc.o(.text)
    .text                                    0x08000268   Section        0  stm32f10x_exti.o(.text)
    .text                                    0x08000384   Section        0  stm32f10x_gpio.o(.text)
    .text                                    0x080006e0   Section        0  stm32f10x_rcc.o(.text)
    .text                                    0x08000a84   Section        0  stm32f10x_tim.o(.text)
    TI4_Config                               0x08000f2b   Thumb Code   130  stm32f10x_tim.o(.text)
    TI3_Config                               0x08000fbf   Thumb Code   122  stm32f10x_tim.o(.text)
    TI2_Config                               0x08001053   Thumb Code   130  stm32f10x_tim.o(.text)
    TI1_Config                               0x080010e7   Thumb Code   108  stm32f10x_tim.o(.text)
    .text                                    0x080018a0   Section        0  stm32f10x_usart.o(.text)
    .text                                    0x08001ca8   Section        0  gpio.o(.text)
    .text                                    0x08001e64   Section        0  systick.o(.text)
    .text                                    0x08001fe4   Section        0  uart.o(.text)
    .text                                    0x0800232c   Section        0  nvic.o(.text)
    .text                                    0x08002338   Section        0  exti.o(.text)
    .text                                    0x08002694   Section        0  timer.o(.text)
    .text                                    0x08002f20   Section        0  dac_0832_chip.o(.text)
    .text                                    0x08002fec   Section       36  startup_stm32f10x_md.o(.text)
    .text                                    0x08003010   Section        0  system_stm32f10x.o(.text)
    SetSysClockTo72                          0x08003011   Thumb Code   214  system_stm32f10x.o(.text)
    SetSysClock                              0x080030e7   Thumb Code     8  system_stm32f10x.o(.text)
    .text                                    0x080031f0   Section        0  dadd.o(.text)
    .text                                    0x0800333e   Section        0  dmul.o(.text)
    .text                                    0x08003422   Section        0  dfixi.o(.text)
    .text                                    0x08003460   Section        0  f2d.o(.text)
    .text                                    0x08003486   Section        0  llshl.o(.text)
    .text                                    0x080034a4   Section        0  llushr.o(.text)
    .text                                    0x080034c4   Section        0  llsshr.o(.text)
    .text                                    0x080034e8   Section        0  iusefp.o(.text)
    .text                                    0x080034e8   Section        0  depilogue.o(.text)
    .text                                    0x080035a0   Section       36  init.o(.text)
    i.__0printf$bare                         0x080035c4   Section        0  printfb.o(i.__0printf$bare)
    i.__scatterload_copy                     0x080035d4   Section       14  handlers.o(i.__scatterload_copy)
    i.__scatterload_null                     0x080035e2   Section        2  handlers.o(i.__scatterload_null)
    i.__scatterload_zeroinit                 0x080035e4   Section       14  handlers.o(i.__scatterload_zeroinit)
    i._printf_core                           0x080035f2   Section        0  printfb.o(i._printf_core)
    _printf_core                             0x080035f3   Thumb Code    34  printfb.o(i._printf_core)
    .data                                    0x20000000   Section       20  stm32f10x_rcc.o(.data)
    APBAHBPrescTable                         0x20000000   Data          16  stm32f10x_rcc.o(.data)
    ADCPrescTable                            0x20000010   Data           4  stm32f10x_rcc.o(.data)
    .data                                    0x20000014   Section        4  systick.o(.data)
    fac_us                                   0x20000014   Data           1  systick.o(.data)
    fac_ms                                   0x20000016   Data           2  systick.o(.data)
    .data                                    0x20000018   Section       20  system_stm32f10x.o(.data)
    .data                                    0x2000002c   Section        4  stdout.o(.data)
    .bss                                     0x20000030   Section       16  uart.o(.bss)
    UART_CallBackTable                       0x20000030   Data          16  uart.o(.bss)
    .bss                                     0x20000040   Section       64  exti.o(.bss)
    GPIO_CallBackTable                       0x20000040   Data          64  exti.o(.bss)
    .bss                                     0x20000080   Section       24  timer.o(.bss)
    TIMER_CallBackTable                      0x20000080   Data          24  timer.o(.bss)
    STACK                                    0x20000098   Section     1024  startup_stm32f10x_md.o(STACK)

    Global Symbols

    Symbol Name                              Value     Ov Type        Size  Object(Section)

    BuildAttributes$$THM_ISAv4$P$D$K$B$S$PE$A:L22UL41UL21$X:L11$S22US41US21$IEEE1$IW$USESV6$~STKCKD$USESV7$~SHL$OTIME$ROPI$IEEEX$EBA8$MICROLIB$REQ8$PRES8$EABIv2 0x00000000   Number         0  anon$$obj.o ABSOLUTE
    __ARM_use_no_argv                        0x00000000   Number         0  main.o ABSOLUTE
    __cpp_initialize__aeabi_                  - Undefined Weak Reference
    __cxa_finalize                            - Undefined Weak Reference
    __decompress                              - Undefined Weak Reference
    _clock_init                               - Undefined Weak Reference
    _microlib_exit                            - Undefined Weak Reference
    __Vectors_Size                           0x000000ec   Number         0  startup_stm32f10x_md.o ABSOLUTE
    __Vectors                                0x08000000   Data           4  startup_stm32f10x_md.o(RESET)
    __Vectors_End                            0x080000ec   Data           0  startup_stm32f10x_md.o(RESET)
    __main                                   0x080000ed   Thumb Code     0  entry.o(.ARM.Collect$$$$00000000)
    _main_stk                                0x080000ed   Thumb Code     0  entry2.o(.ARM.Collect$$$$00000001)
    _main_scatterload                        0x080000f1   Thumb Code     0  entry5.o(.ARM.Collect$$$$00000004)
    __main_after_scatterload                 0x080000f5   Thumb Code     0  entry5.o(.ARM.Collect$$$$00000004)
    _main_clock                              0x080000f5   Thumb Code     0  entry7b.o(.ARM.Collect$$$$00000008)
    _main_cpp_init                           0x080000f5   Thumb Code     0  entry8b.o(.ARM.Collect$$$$0000000A)
    _main_init                               0x080000f5   Thumb Code     0  entry9a.o(.ARM.Collect$$$$0000000B)
    __rt_final_cpp                           0x080000fd   Thumb Code     0  entry10a.o(.ARM.Collect$$$$0000000D)
    __rt_final_exit                          0x080000fd   Thumb Code     0  entry11a.o(.ARM.Collect$$$$0000000F)
    timer2                                   0x08000101   Thumb Code    38  main.o(.text)
    main                                     0x08000127   Thumb Code    90  main.o(.text)
    NVIC_PriorityGroupConfig                 0x0800018d   Thumb Code    10  misc.o(.text)
    NVIC_Init                                0x08000197   Thumb Code   100  misc.o(.text)
    NVIC_SetVectorTable                      0x080001fb   Thumb Code    14  misc.o(.text)
    NVIC_SystemLPConfig                      0x08000209   Thumb Code    34  misc.o(.text)
    SysTick_CLKSourceConfig                  0x0800022b   Thumb Code    40  misc.o(.text)
    EXTI_DeInit                              0x08000269   Thumb Code    28  stm32f10x_exti.o(.text)
    EXTI_Init                                0x08000285   Thumb Code   142  stm32f10x_exti.o(.text)
    EXTI_StructInit                          0x08000313   Thumb Code    16  stm32f10x_exti.o(.text)
    EXTI_GenerateSWInterrupt                 0x08000323   Thumb Code    16  stm32f10x_exti.o(.text)
    EXTI_GetFlagStatus                       0x08000333   Thumb Code    22  stm32f10x_exti.o(.text)
    EXTI_ClearFlag                           0x08000349   Thumb Code     8  stm32f10x_exti.o(.text)
    EXTI_GetITStatus                         0x08000351   Thumb Code    34  stm32f10x_exti.o(.text)
    EXTI_ClearITPendingBit                   0x08000373   Thumb Code     8  stm32f10x_exti.o(.text)
    GPIO_DeInit                              0x08000385   Thumb Code   172  stm32f10x_gpio.o(.text)
    GPIO_AFIODeInit                          0x08000431   Thumb Code    20  stm32f10x_gpio.o(.text)
    GPIO_Init                                0x08000445   Thumb Code   278  stm32f10x_gpio.o(.text)
    GPIO_StructInit                          0x0800055b   Thumb Code    16  stm32f10x_gpio.o(.text)
    GPIO_ReadInputDataBit                    0x0800056b   Thumb Code    18  stm32f10x_gpio.o(.text)
    GPIO_ReadInputData                       0x0800057d   Thumb Code     8  stm32f10x_gpio.o(.text)
    GPIO_ReadOutputDataBit                   0x08000585   Thumb Code    18  stm32f10x_gpio.o(.text)
    GPIO_ReadOutputData                      0x08000597   Thumb Code     8  stm32f10x_gpio.o(.text)
    GPIO_SetBits                             0x0800059f   Thumb Code     4  stm32f10x_gpio.o(.text)
    GPIO_ResetBits                           0x080005a3   Thumb Code     4  stm32f10x_gpio.o(.text)
    GPIO_WriteBit                            0x080005a7   Thumb Code    10  stm32f10x_gpio.o(.text)
    GPIO_Write                               0x080005b1   Thumb Code     4  stm32f10x_gpio.o(.text)
    GPIO_PinLockConfig                       0x080005b5   Thumb Code    18  stm32f10x_gpio.o(.text)
    GPIO_EventOutputConfig                   0x080005c7   Thumb Code    26  stm32f10x_gpio.o(.text)
    GPIO_EventOutputCmd                      0x080005e1   Thumb Code     6  stm32f10x_gpio.o(.text)
    GPIO_PinRemapConfig                      0x080005e7   Thumb Code   138  stm32f10x_gpio.o(.text)
    GPIO_EXTILineConfig                      0x08000671   Thumb Code    66  stm32f10x_gpio.o(.text)
    GPIO_ETH_MediaInterfaceConfig            0x080006b3   Thumb Code     8  stm32f10x_gpio.o(.text)
    RCC_DeInit                               0x080006e1   Thumb Code    64  stm32f10x_rcc.o(.text)
    RCC_HSEConfig                            0x08000721   Thumb Code    70  stm32f10x_rcc.o(.text)
    RCC_GetFlagStatus                        0x08000767   Thumb Code    56  stm32f10x_rcc.o(.text)
    RCC_WaitForHSEStartUp                    0x0800079f   Thumb Code    56  stm32f10x_rcc.o(.text)
    RCC_AdjustHSICalibrationValue            0x080007d7   Thumb Code    20  stm32f10x_rcc.o(.text)
    RCC_HSICmd                               0x080007eb   Thumb Code     6  stm32f10x_rcc.o(.text)
    RCC_PLLConfig                            0x080007f1   Thumb Code    24  stm32f10x_rcc.o(.text)
    RCC_PLLCmd                               0x08000809   Thumb Code     6  stm32f10x_rcc.o(.text)
    RCC_SYSCLKConfig                         0x0800080f   Thumb Code    18  stm32f10x_rcc.o(.text)
    RCC_GetSYSCLKSource                      0x08000821   Thumb Code    10  stm32f10x_rcc.o(.text)
    RCC_HCLKConfig                           0x0800082b   Thumb Code    18  stm32f10x_rcc.o(.text)
    RCC_PCLK1Config                          0x0800083d   Thumb Code    18  stm32f10x_rcc.o(.text)
    RCC_PCLK2Config                          0x0800084f   Thumb Code    20  stm32f10x_rcc.o(.text)
    RCC_ITConfig                             0x08000863   Thumb Code    26  stm32f10x_rcc.o(.text)
    RCC_USBCLKConfig                         0x0800087d   Thumb Code     8  stm32f10x_rcc.o(.text)
    RCC_ADCCLKConfig                         0x08000885   Thumb Code    18  stm32f10x_rcc.o(.text)
    RCC_LSEConfig                            0x08000897   Thumb Code    50  stm32f10x_rcc.o(.text)
    RCC_LSICmd                               0x080008c9   Thumb Code     6  stm32f10x_rcc.o(.text)
    RCC_RTCCLKConfig                         0x080008cf   Thumb Code    12  stm32f10x_rcc.o(.text)
    RCC_RTCCLKCmd                            0x080008db   Thumb Code     8  stm32f10x_rcc.o(.text)
    RCC_GetClocksFreq                        0x080008e3   Thumb Code   192  stm32f10x_rcc.o(.text)
    RCC_AHBPeriphClockCmd                    0x080009a3   Thumb Code    26  stm32f10x_rcc.o(.text)
    RCC_APB2PeriphClockCmd                   0x080009bd   Thumb Code    26  stm32f10x_rcc.o(.text)
    RCC_APB1PeriphClockCmd                   0x080009d7   Thumb Code    26  stm32f10x_rcc.o(.text)
    RCC_APB2PeriphResetCmd                   0x080009f1   Thumb Code    26  stm32f10x_rcc.o(.text)
    RCC_APB1PeriphResetCmd                   0x08000a0b   Thumb Code    26  stm32f10x_rcc.o(.text)
    RCC_BackupResetCmd                       0x08000a25   Thumb Code     8  stm32f10x_rcc.o(.text)
    RCC_ClockSecuritySystemCmd               0x08000a2d   Thumb Code     6  stm32f10x_rcc.o(.text)
    RCC_MCOConfig                            0x08000a33   Thumb Code     6  stm32f10x_rcc.o(.text)
    RCC_ClearFlag                            0x08000a39   Thumb Code    14  stm32f10x_rcc.o(.text)
    RCC_GetITStatus                          0x08000a47   Thumb Code    20  stm32f10x_rcc.o(.text)
    RCC_ClearITPendingBit                    0x08000a5b   Thumb Code     6  stm32f10x_rcc.o(.text)
    TIM_DeInit                               0x08000a85   Thumb Code   424  stm32f10x_tim.o(.text)
    TIM_TimeBaseInit                         0x08000c2d   Thumb Code   122  stm32f10x_tim.o(.text)
    TIM_OC1Init                              0x08000ca7   Thumb Code   132  stm32f10x_tim.o(.text)
    TIM_OC2Init                              0x08000d2b   Thumb Code   154  stm32f10x_tim.o(.text)
    TIM_OC3Init                              0x08000dc5   Thumb Code   150  stm32f10x_tim.o(.text)
    TIM_OC4Init                              0x08000e5b   Thumb Code   182  stm32f10x_tim.o(.text)
    TIM_SetIC4Prescaler                      0x08000f11   Thumb Code    26  stm32f10x_tim.o(.text)
    TIM_SetIC3Prescaler                      0x08000fad   Thumb Code    18  stm32f10x_tim.o(.text)
    TIM_SetIC2Prescaler                      0x08001039   Thumb Code    26  stm32f10x_tim.o(.text)
    TIM_SetIC1Prescaler                      0x080010d5   Thumb Code    18  stm32f10x_tim.o(.text)
    TIM_ICInit                               0x08001153   Thumb Code   150  stm32f10x_tim.o(.text)
    TIM_PWMIConfig                           0x080011e9   Thumb Code   124  stm32f10x_tim.o(.text)
    TIM_BDTRConfig                           0x08001265   Thumb Code    32  stm32f10x_tim.o(.text)
    TIM_TimeBaseStructInit                   0x08001285   Thumb Code    18  stm32f10x_tim.o(.text)
    TIM_OCStructInit                         0x08001297   Thumb Code    20  stm32f10x_tim.o(.text)
    TIM_ICStructInit                         0x080012ab   Thumb Code    18  stm32f10x_tim.o(.text)
    TIM_BDTRStructInit                       0x080012bd   Thumb Code    40  stm32f10x_tim.o(.text)
    TIM_Cmd                                  0x080012e5   Thumb Code    24  stm32f10x_tim.o(.text)
    TIM_CtrlPWMOutputs                       0x080012fd   Thumb Code    30  stm32f10x_tim.o(.text)
    TIM_ITConfig                             0x0800131b   Thumb Code    18  stm32f10x_tim.o(.text)
    TIM_GenerateEvent                        0x0800132d   Thumb Code     4  stm32f10x_tim.o(.text)
    TIM_DMAConfig                            0x08001331   Thumb Code    10  stm32f10x_tim.o(.text)
    TIM_DMACmd                               0x0800133b   Thumb Code    18  stm32f10x_tim.o(.text)
    TIM_InternalClockConfig                  0x0800134d   Thumb Code    12  stm32f10x_tim.o(.text)
    TIM_SelectInputTrigger                   0x08001359   Thumb Code    18  stm32f10x_tim.o(.text)
    TIM_ITRxExternalClockConfig              0x0800136b   Thumb Code    24  stm32f10x_tim.o(.text)
    TIM_TIxExternalClockConfig               0x08001383   Thumb Code    62  stm32f10x_tim.o(.text)
    TIM_ETRConfig                            0x080013c1   Thumb Code    28  stm32f10x_tim.o(.text)
    TIM_ETRClockMode1Config                  0x080013dd   Thumb Code    54  stm32f10x_tim.o(.text)
    TIM_ETRClockMode2Config                  0x08001413   Thumb Code    32  stm32f10x_tim.o(.text)
    TIM_PrescalerConfig                      0x08001433   Thumb Code     6  stm32f10x_tim.o(.text)
    TIM_CounterModeConfig                    0x08001439   Thumb Code    18  stm32f10x_tim.o(.text)
    TIM_EncoderInterfaceConfig               0x0800144b   Thumb Code    66  stm32f10x_tim.o(.text)
    TIM_ForcedOC1Config                      0x0800148d   Thumb Code    18  stm32f10x_tim.o(.text)
    TIM_ForcedOC2Config                      0x0800149f   Thumb Code    26  stm32f10x_tim.o(.text)
    TIM_ForcedOC3Config                      0x080014b9   Thumb Code    18  stm32f10x_tim.o(.text)
    TIM_ForcedOC4Config                      0x080014cb   Thumb Code    26  stm32f10x_tim.o(.text)
    TIM_ARRPreloadConfig                     0x080014e5   Thumb Code    24  stm32f10x_tim.o(.text)
    TIM_SelectCOM                            0x080014fd   Thumb Code    24  stm32f10x_tim.o(.text)
    TIM_SelectCCDMA                          0x08001515   Thumb Code    24  stm32f10x_tim.o(.text)
    TIM_CCPreloadControl                     0x0800152d   Thumb Code    24  stm32f10x_tim.o(.text)
    TIM_OC1PreloadConfig                     0x08001545   Thumb Code    18  stm32f10x_tim.o(.text)
    TIM_OC2PreloadConfig                     0x08001557   Thumb Code    26  stm32f10x_tim.o(.text)
    TIM_OC3PreloadConfig                     0x08001571   Thumb Code    18  stm32f10x_tim.o(.text)
    TIM_OC4PreloadConfig                     0x08001583   Thumb Code    26  stm32f10x_tim.o(.text)
    TIM_OC1FastConfig                        0x0800159d   Thumb Code    18  stm32f10x_tim.o(.text)
    TIM_OC2FastConfig                        0x080015af   Thumb Code    26  stm32f10x_tim.o(.text)
    TIM_OC3FastConfig                        0x080015c9   Thumb Code    18  stm32f10x_tim.o(.text)
    TIM_OC4FastConfig                        0x080015db   Thumb Code    26  stm32f10x_tim.o(.text)
    TIM_ClearOC1Ref                          0x080015f5   Thumb Code    18  stm32f10x_tim.o(.text)
    TIM_ClearOC2Ref                          0x08001607   Thumb Code    24  stm32f10x_tim.o(.text)
    TIM_ClearOC3Ref                          0x0800161f   Thumb Code    18  stm32f10x_tim.o(.text)
    TIM_ClearOC4Ref                          0x08001631   Thumb Code    24  stm32f10x_tim.o(.text)
    TIM_OC1PolarityConfig                    0x08001649   Thumb Code    18  stm32f10x_tim.o(.text)
    TIM_OC1NPolarityConfig                   0x0800165b   Thumb Code    18  stm32f10x_tim.o(.text)
    TIM_OC2PolarityConfig                    0x0800166d   Thumb Code    26  stm32f10x_tim.o(.text)
    TIM_OC2NPolarityConfig                   0x08001687   Thumb Code    26  stm32f10x_tim.o(.text)
    TIM_OC3PolarityConfig                    0x080016a1   Thumb Code    26  stm32f10x_tim.o(.text)
    TIM_OC3NPolarityConfig                   0x080016bb   Thumb Code    26  stm32f10x_tim.o(.text)
    TIM_OC4PolarityConfig                    0x080016d5   Thumb Code    26  stm32f10x_tim.o(.text)
    TIM_CCxCmd                               0x080016ef   Thumb Code    30  stm32f10x_tim.o(.text)
    TIM_CCxNCmd                              0x0800170d   Thumb Code    30  stm32f10x_tim.o(.text)
    TIM_SelectOCxM                           0x0800172b   Thumb Code    82  stm32f10x_tim.o(.text)
    TIM_UpdateDisableConfig                  0x0800177d   Thumb Code    24  stm32f10x_tim.o(.text)
    TIM_UpdateRequestConfig                  0x08001795   Thumb Code    24  stm32f10x_tim.o(.text)
    TIM_SelectHallSensor                     0x080017ad   Thumb Code    24  stm32f10x_tim.o(.text)
    TIM_SelectOnePulseMode                   0x080017c5   Thumb Code    18  stm32f10x_tim.o(.text)
    TIM_SelectOutputTrigger                  0x080017d7   Thumb Code    18  stm32f10x_tim.o(.text)
    TIM_SelectSlaveMode                      0x080017e9   Thumb Code    18  stm32f10x_tim.o(.text)
    TIM_SelectMasterSlaveMode                0x080017fb   Thumb Code    18  stm32f10x_tim.o(.text)
    TIM_SetCounter                           0x0800180d   Thumb Code     4  stm32f10x_tim.o(.text)
    TIM_SetAutoreload                        0x08001811   Thumb Code     4  stm32f10x_tim.o(.text)
    TIM_SetCompare1                          0x08001815   Thumb Code     4  stm32f10x_tim.o(.text)
    TIM_SetCompare2                          0x08001819   Thumb Code     4  stm32f10x_tim.o(.text)
    TIM_SetCompare3                          0x0800181d   Thumb Code     4  stm32f10x_tim.o(.text)
    TIM_SetCompare4                          0x08001821   Thumb Code     6  stm32f10x_tim.o(.text)
    TIM_SetClockDivision                     0x08001827   Thumb Code    18  stm32f10x_tim.o(.text)
    TIM_GetCapture1                          0x08001839   Thumb Code     6  stm32f10x_tim.o(.text)
    TIM_GetCapture2                          0x0800183f   Thumb Code     6  stm32f10x_tim.o(.text)
    TIM_GetCapture3                          0x08001845   Thumb Code     6  stm32f10x_tim.o(.text)
    TIM_GetCapture4                          0x0800184b   Thumb Code     8  stm32f10x_tim.o(.text)
    TIM_GetCounter                           0x08001853   Thumb Code     6  stm32f10x_tim.o(.text)
    TIM_GetPrescaler                         0x08001859   Thumb Code     6  stm32f10x_tim.o(.text)
    TIM_GetFlagStatus                        0x0800185f   Thumb Code    18  stm32f10x_tim.o(.text)
    TIM_ClearFlag                            0x08001871   Thumb Code     6  stm32f10x_tim.o(.text)
    TIM_GetITStatus                          0x08001877   Thumb Code    34  stm32f10x_tim.o(.text)
    TIM_ClearITPendingBit                    0x08001899   Thumb Code     6  stm32f10x_tim.o(.text)
    USART_DeInit                             0x080018a1   Thumb Code   134  stm32f10x_usart.o(.text)
    USART_Init                               0x08001927   Thumb Code   210  stm32f10x_usart.o(.text)
    USART_StructInit                         0x080019f9   Thumb Code    24  stm32f10x_usart.o(.text)
    USART_ClockInit                          0x08001a11   Thumb Code    34  stm32f10x_usart.o(.text)
    USART_ClockStructInit                    0x08001a33   Thumb Code    12  stm32f10x_usart.o(.text)
    USART_Cmd                                0x08001a3f   Thumb Code    24  stm32f10x_usart.o(.text)
    USART_ITConfig                           0x08001a57   Thumb Code    74  stm32f10x_usart.o(.text)
    USART_DMACmd                             0x08001aa1   Thumb Code    18  stm32f10x_usart.o(.text)
    USART_SetAddress                         0x08001ab3   Thumb Code    18  stm32f10x_usart.o(.text)
    USART_WakeUpConfig                       0x08001ac5   Thumb Code    18  stm32f10x_usart.o(.text)
    USART_ReceiverWakeUpCmd                  0x08001ad7   Thumb Code    24  stm32f10x_usart.o(.text)
    USART_LINBreakDetectLengthConfig         0x08001aef   Thumb Code    18  stm32f10x_usart.o(.text)
    USART_LINCmd                             0x08001b01   Thumb Code    24  stm32f10x_usart.o(.text)
    USART_SendData                           0x08001b19   Thumb Code     8  stm32f10x_usart.o(.text)
    USART_ReceiveData                        0x08001b21   Thumb Code    10  stm32f10x_usart.o(.text)
    USART_SendBreak                          0x08001b2b   Thumb Code    10  stm32f10x_usart.o(.text)
    USART_SetGuardTime                       0x08001b35   Thumb Code    16  stm32f10x_usart.o(.text)
    USART_SetPrescaler                       0x08001b45   Thumb Code    16  stm32f10x_usart.o(.text)
    USART_SmartCardCmd                       0x08001b55   Thumb Code    24  stm32f10x_usart.o(.text)
    USART_SmartCardNACKCmd                   0x08001b6d   Thumb Code    24  stm32f10x_usart.o(.text)
    USART_HalfDuplexCmd                      0x08001b85   Thumb Code    24  stm32f10x_usart.o(.text)
    USART_OverSampling8Cmd                   0x08001b9d   Thumb Code    22  stm32f10x_usart.o(.text)
    USART_OneBitMethodCmd                    0x08001bb3   Thumb Code    24  stm32f10x_usart.o(.text)
    USART_IrDAConfig                         0x08001bcb   Thumb Code    18  stm32f10x_usart.o(.text)
    USART_IrDACmd                            0x08001bdd   Thumb Code    24  stm32f10x_usart.o(.text)
    USART_GetFlagStatus                      0x08001bf5   Thumb Code    26  stm32f10x_usart.o(.text)
    USART_ClearFlag                          0x08001c0f   Thumb Code    18  stm32f10x_usart.o(.text)
    USART_GetITStatus                        0x08001c21   Thumb Code    84  stm32f10x_usart.o(.text)
    USART_ClearITPendingBit                  0x08001c75   Thumb Code    52  stm32f10x_usart.o(.text)
    GPIO_QuickInit                           0x08001ca9   Thumb Code   202  gpio.o(.text)
    GPIO_Writebit                            0x08001d73   Thumb Code   106  gpio.o(.text)
    GPIO_ReadBit                             0x08001ddd   Thumb Code   114  gpio.o(.text)
    SYSTICK_Init                             0x08001e65   Thumb Code    80  systick.o(.text)
    SYSTICK_ITConfig                         0x08001eb5   Thumb Code    40  systick.o(.text)
    SYSTICK_Cmd                              0x08001edd   Thumb Code    40  systick.o(.text)
    SYSTICK_DelayInit                        0x08001f05   Thumb Code    62  systick.o(.text)
    SYSTICK_DelayUs                          0x08001f43   Thumb Code    72  systick.o(.text)
    SYSTICK_DelayMs                          0x08001f8b   Thumb Code    66  systick.o(.text)
    SYSTICK_GetVal                           0x08001fcd   Thumb Code     8  systick.o(.text)
    fputc                                    0x08001fe5   Thumb Code    32  uart.o(.text)
    GetKey                                   0x08002005   Thumb Code    26  uart.o(.text)
    UART_QuickInit                           0x0800201f   Thumb Code   496  uart.o(.text)
    UART_ReadByte                            0x0800220f   Thumb Code    68  uart.o(.text)
    UART_WriteByte                           0x08002253   Thumb Code    54  uart.o(.text)
    UART_CallbackInstall                     0x08002289   Thumb Code    10  uart.o(.text)
    USART1_IRQHandler                        0x08002293   Thumb Code    40  uart.o(.text)
    USART2_IRQHandler                        0x080022bb   Thumb Code    40  uart.o(.text)
    USART3_IRQHandler                        0x080022e3   Thumb Code    40  uart.o(.text)
    NVIC_init                                0x0800232d   Thumb Code    12  nvic.o(.text)
    EXTI_QuickInit                           0x08002339   Thumb Code   200  exti.o(.text)
    EXTI_IRQcmd                              0x08002401   Thumb Code   118  exti.o(.text)
    EXTI_CallbackInstall                     0x08002477   Thumb Code    10  exti.o(.text)
    EXTI0_IRQHandler                         0x08002481   Thumb Code    32  exti.o(.text)
    EXTI1_IRQHandler                         0x080024a1   Thumb Code    32  exti.o(.text)
    EXTI2_IRQHandler                         0x080024c1   Thumb Code    32  exti.o(.text)
    EXTI3_IRQHandler                         0x080024e1   Thumb Code    32  exti.o(.text)
    EXTI4_IRQHandler                         0x08002501   Thumb Code    32  exti.o(.text)
    EXTI9_5_IRQHandler                       0x08002521   Thumb Code   160  exti.o(.text)
    EXTI15_10_IRQHandler                     0x080025c1   Thumb Code   206  exti.o(.text)
    TIM_us_Init                              0x08002695   Thumb Code   216  timer.o(.text)
    TIM_ms_Init                              0x0800276d   Thumb Code   230  timer.o(.text)
    TIM_ITconfig                             0x08002853   Thumb Code    82  timer.o(.text)
    TIM_OCInit                               0x080028a5   Thumb Code   120  timer.o(.text)
    TIM_tim_Init                             0x0800291d   Thumb Code   168  timer.o(.text)
    GPIO_PWM_Init                            0x080029c5   Thumb Code   240  timer.o(.text)
    TIM_PWM_Init                             0x08002ab5   Thumb Code   132  timer.o(.text)
    TIM_SetCompare                           0x08002b39   Thumb Code   104  timer.o(.text)
    TIM_Ctim_Init                            0x08002ba1   Thumb Code   142  timer.o(.text)
    GPIO_Cap_Init                            0x08002c2f   Thumb Code   452  timer.o(.text)
    TIM_Cap_Init                             0x08002df3   Thumb Code   174  timer.o(.text)
    TIMER_CallbackInstall                    0x08002ea1   Thumb Code    10  timer.o(.text)
    TIM_cmd                                  0x08002eab   Thumb Code    16  timer.o(.text)
    TIM2_IRQHandler                          0x08002ebb   Thumb Code    28  timer.o(.text)
    TIM3_IRQHandler                          0x08002ed7   Thumb Code    26  timer.o(.text)
    TIM4_IRQHandler                          0x08002ef1   Thumb Code    26  timer.o(.text)
    Chip_0832_Port_Init                      0x08002f21   Thumb Code    84  dac_0832_chip.o(.text)
    Write_0832_Date                          0x08002f75   Thumb Code    48  dac_0832_chip.o(.text)
    Write_0832_V                             0x08002fa5   Thumb Code    52  dac_0832_chip.o(.text)
    Reset_Handler                            0x08002fed   Thumb Code     8  startup_stm32f10x_md.o(.text)
    NMI_Handler                              0x08002ff5   Thumb Code     2  startup_stm32f10x_md.o(.text)
    HardFault_Handler                        0x08002ff7   Thumb Code     2  startup_stm32f10x_md.o(.text)
    MemManage_Handler                        0x08002ff9   Thumb Code     2  startup_stm32f10x_md.o(.text)
    BusFault_Handler                         0x08002ffb   Thumb Code     2  startup_stm32f10x_md.o(.text)
    UsageFault_Handler                       0x08002ffd   Thumb Code     2  startup_stm32f10x_md.o(.text)
    SVC_Handler                              0x08002fff   Thumb Code     2  startup_stm32f10x_md.o(.text)
    DebugMon_Handler                         0x08003001   Thumb Code     2  startup_stm32f10x_md.o(.text)
    PendSV_Handler                           0x08003003   Thumb Code     2  startup_stm32f10x_md.o(.text)
    SysTick_Handler                          0x08003005   Thumb Code     2  startup_stm32f10x_md.o(.text)
    ADC1_2_IRQHandler                        0x08003007   Thumb Code     0  startup_stm32f10x_md.o(.text)
    CAN1_RX1_IRQHandler                      0x08003007   Thumb Code     0  startup_stm32f10x_md.o(.text)
    CAN1_SCE_IRQHandler                      0x08003007   Thumb Code     0  startup_stm32f10x_md.o(.text)
    DMA1_Channel1_IRQHandler                 0x08003007   Thumb Code     0  startup_stm32f10x_md.o(.text)
    DMA1_Channel2_IRQHandler                 0x08003007   Thumb Code     0  startup_stm32f10x_md.o(.text)
    DMA1_Channel3_IRQHandler                 0x08003007   Thumb Code     0  startup_stm32f10x_md.o(.text)
    DMA1_Channel4_IRQHandler                 0x08003007   Thumb Code     0  startup_stm32f10x_md.o(.text)
    DMA1_Channel5_IRQHandler                 0x08003007   Thumb Code     0  startup_stm32f10x_md.o(.text)
    DMA1_Channel6_IRQHandler                 0x08003007   Thumb Code     0  startup_stm32f10x_md.o(.text)
    DMA1_Channel7_IRQHandler                 0x08003007   Thumb Code     0  startup_stm32f10x_md.o(.text)
    FLASH_IRQHandler                         0x08003007   Thumb Code     0  startup_stm32f10x_md.o(.text)
    I2C1_ER_IRQHandler                       0x08003007   Thumb Code     0  startup_stm32f10x_md.o(.text)
    I2C1_EV_IRQHandler                       0x08003007   Thumb Code     0  startup_stm32f10x_md.o(.text)
    I2C2_ER_IRQHandler                       0x08003007   Thumb Code     0  startup_stm32f10x_md.o(.text)
    I2C2_EV_IRQHandler                       0x08003007   Thumb Code     0  startup_stm32f10x_md.o(.text)
    PVD_IRQHandler                           0x08003007   Thumb Code     0  startup_stm32f10x_md.o(.text)
    RCC_IRQHandler                           0x08003007   Thumb Code     0  startup_stm32f10x_md.o(.text)
    RTCAlarm_IRQHandler                      0x08003007   Thumb Code     0  startup_stm32f10x_md.o(.text)
    RTC_IRQHandler                           0x08003007   Thumb Code     0  startup_stm32f10x_md.o(.text)
    SPI1_IRQHandler                          0x08003007   Thumb Code     0  startup_stm32f10x_md.o(.text)
    SPI2_IRQHandler                          0x08003007   Thumb Code     0  startup_stm32f10x_md.o(.text)
    TAMPER_IRQHandler                        0x08003007   Thumb Code     0  startup_stm32f10x_md.o(.text)
    TIM1_BRK_IRQHandler                      0x08003007   Thumb Code     0  startup_stm32f10x_md.o(.text)
    TIM1_CC_IRQHandler                       0x08003007   Thumb Code     0  startup_stm32f10x_md.o(.text)
    TIM1_TRG_COM_IRQHandler                  0x08003007   Thumb Code     0  startup_stm32f10x_md.o(.text)
    TIM1_UP_IRQHandler                       0x08003007   Thumb Code     0  startup_stm32f10x_md.o(.text)
    USBWakeUp_IRQHandler                     0x08003007   Thumb Code     0  startup_stm32f10x_md.o(.text)
    USB_HP_CAN1_TX_IRQHandler                0x08003007   Thumb Code     0  startup_stm32f10x_md.o(.text)
    USB_LP_CAN1_RX0_IRQHandler               0x08003007   Thumb Code     0  startup_stm32f10x_md.o(.text)
    WWDG_IRQHandler                          0x08003007   Thumb Code     0  startup_stm32f10x_md.o(.text)
    SystemInit                               0x080030ef   Thumb Code    78  system_stm32f10x.o(.text)
    SystemCoreClockUpdate                    0x0800313d   Thumb Code   142  system_stm32f10x.o(.text)
    __aeabi_dadd                             0x080031f1   Thumb Code   322  dadd.o(.text)
    __aeabi_dsub                             0x08003333   Thumb Code     6  dadd.o(.text)
    __aeabi_drsub                            0x08003339   Thumb Code     6  dadd.o(.text)
    __aeabi_dmul                             0x0800333f   Thumb Code   228  dmul.o(.text)
    __aeabi_d2iz                             0x08003423   Thumb Code    62  dfixi.o(.text)
    __aeabi_f2d                              0x08003461   Thumb Code    38  f2d.o(.text)
    __aeabi_llsl                             0x08003487   Thumb Code    30  llshl.o(.text)
    _ll_shift_l                              0x08003487   Thumb Code     0  llshl.o(.text)
    __aeabi_llsr                             0x080034a5   Thumb Code    32  llushr.o(.text)
    _ll_ushift_r                             0x080034a5   Thumb Code     0  llushr.o(.text)
    __aeabi_lasr                             0x080034c5   Thumb Code    36  llsshr.o(.text)
    _ll_sshift_r                             0x080034c5   Thumb Code     0  llsshr.o(.text)
    __I$use$fp                               0x080034e9   Thumb Code     0  iusefp.o(.text)
    _double_round                            0x080034e9   Thumb Code    26  depilogue.o(.text)
    _double_epilogue                         0x08003503   Thumb Code   156  depilogue.o(.text)
    __scatterload                            0x080035a1   Thumb Code    28  init.o(.text)
    __scatterload_rt2                        0x080035a1   Thumb Code     0  init.o(.text)
    __0printf$bare                           0x080035c5   Thumb Code     8  printfb.o(i.__0printf$bare)
    __1printf$bare                           0x080035c5   Thumb Code     0  printfb.o(i.__0printf$bare)
    __2printf                                0x080035c5   Thumb Code     0  printfb.o(i.__0printf$bare)
    __scatterload_copy                       0x080035d5   Thumb Code    14  handlers.o(i.__scatterload_copy)
    __scatterload_null                       0x080035e3   Thumb Code     2  handlers.o(i.__scatterload_null)
    __scatterload_zeroinit                   0x080035e5   Thumb Code    14  handlers.o(i.__scatterload_zeroinit)
    Region$$Table$$Base                      0x08003614   Number         0  anon$$obj.o(Region$$Table)
    Region$$Table$$Limit                     0x08003634   Number         0  anon$$obj.o(Region$$Table)
    SystemCoreClock                          0x20000018   Data           4  system_stm32f10x.o(.data)
    AHBPrescTable                            0x2000001c   Data          16  system_stm32f10x.o(.data)
    __stdout                                 0x2000002c   Data           4  stdout.o(.data)
    __initial_sp                             0x20000498   Data           0  startup_stm32f10x_md.o(STACK)



==============================================================================

Memory Map of the image

  Image Entry point : 0x080000ed

  Load Region LR_IROM1 (Base: 0x08000000, Size: 0x00003664, Max: 0x00010000, ABSOLUTE)

    Execution Region ER_IROM1 (Base: 0x08000000, Size: 0x00003634, Max: 0x00010000, ABSOLUTE)

    Base Addr    Size         Type   Attr      Idx    E Section Name        Object

    0x08000000   0x000000ec   Data   RO         1135    RESET               startup_stm32f10x_md.o
    0x080000ec   0x00000000   Code   RO         1218  * .ARM.Collect$$$$00000000  mc_w.l(entry.o)
    0x080000ec   0x00000004   Code   RO         1532    .ARM.Collect$$$$00000001  mc_w.l(entry2.o)
    0x080000f0   0x00000004   Code   RO         1535    .ARM.Collect$$$$00000004  mc_w.l(entry5.o)
    0x080000f4   0x00000000   Code   RO         1537    .ARM.Collect$$$$00000008  mc_w.l(entry7b.o)
    0x080000f4   0x00000000   Code   RO         1539    .ARM.Collect$$$$0000000A  mc_w.l(entry8b.o)
    0x080000f4   0x00000008   Code   RO         1540    .ARM.Collect$$$$0000000B  mc_w.l(entry9a.o)
    0x080000fc   0x00000000   Code   RO         1542    .ARM.Collect$$$$0000000D  mc_w.l(entry10a.o)
    0x080000fc   0x00000000   Code   RO         1544    .ARM.Collect$$$$0000000F  mc_w.l(entry11a.o)
    0x080000fc   0x00000004   Code   RO         1533    .ARM.Collect$$$$00002712  mc_w.l(entry2.o)
    0x08000100   0x0000008c   Code   RO            3    .text               main.o
    0x0800018c   0x000000dc   Code   RO          201    .text               misc.o
    0x08000268   0x0000011c   Code   RO          381    .text               stm32f10x_exti.o
    0x08000384   0x0000035c   Code   RO          441    .text               stm32f10x_gpio.o
    0x080006e0   0x000003a4   Code   RO          521    .text               stm32f10x_rcc.o
    0x08000a84   0x00000e1a   Code   RO          603    .text               stm32f10x_tim.o
    0x0800189e   0x00000002   PAD
    0x080018a0   0x00000408   Code   RO          623    .text               stm32f10x_usart.o
    0x08001ca8   0x000001bc   Code   RO          663    .text               gpio.o
    0x08001e64   0x00000180   Code   RO          686    .text               systick.o
    0x08001fe4   0x00000348   Code   RO          708    .text               uart.o
    0x0800232c   0x0000000c   Code   RO          733    .text               nvic.o
    0x08002338   0x0000035c   Code   RO          753    .text               exti.o
    0x08002694   0x0000088c   Code   RO          838    .text               timer.o
    0x08002f20   0x000000cc   Code   RO         1115    .text               dac_0832_chip.o
    0x08002fec   0x00000024   Code   RO         1136    .text               startup_stm32f10x_md.o
    0x08003010   0x000001e0   Code   RO         1142    .text               system_stm32f10x.o
    0x080031f0   0x0000014e   Code   RO         1487    .text               mf_w.l(dadd.o)
    0x0800333e   0x000000e4   Code   RO         1489    .text               mf_w.l(dmul.o)
    0x08003422   0x0000003e   Code   RO         1501    .text               mf_w.l(dfixi.o)
    0x08003460   0x00000026   Code   RO         1503    .text               mf_w.l(f2d.o)
    0x08003486   0x0000001e   Code   RO         1551    .text               mc_w.l(llshl.o)
    0x080034a4   0x00000020   Code   RO         1553    .text               mc_w.l(llushr.o)
    0x080034c4   0x00000024   Code   RO         1555    .text               mc_w.l(llsshr.o)
    0x080034e8   0x00000000   Code   RO         1564    .text               mc_w.l(iusefp.o)
    0x080034e8   0x000000b6   Code   RO         1567    .text               mf_w.l(depilogue.o)
    0x0800359e   0x00000002   PAD
    0x080035a0   0x00000024   Code   RO         1579    .text               mc_w.l(init.o)
    0x080035c4   0x00000010   Code   RO         1222    i.__0printf$bare    mc_w.l(printfb.o)
    0x080035d4   0x0000000e   Code   RO         1585    i.__scatterload_copy  mc_w.l(handlers.o)
    0x080035e2   0x00000002   Code   RO         1586    i.__scatterload_null  mc_w.l(handlers.o)
    0x080035e4   0x0000000e   Code   RO         1587    i.__scatterload_zeroinit  mc_w.l(handlers.o)
    0x080035f2   0x00000022   Code   RO         1229    i._printf_core      mc_w.l(printfb.o)
    0x08003614   0x00000020   Data   RO         1583    Region$$Table       anon$$obj.o


    Execution Region RW_IRAM1 (Base: 0x20000000, Size: 0x00000498, Max: 0x00005000, ABSOLUTE)

    Base Addr    Size         Type   Attr      Idx    E Section Name        Object

    0x20000000   0x00000014   Data   RW          522    .data               stm32f10x_rcc.o
    0x20000014   0x00000004   Data   RW          687    .data               systick.o
    0x20000018   0x00000014   Data   RW         1143    .data               system_stm32f10x.o
    0x2000002c   0x00000004   Data   RW         1546    .data               mc_w.l(stdout.o)
    0x20000030   0x00000010   Zero   RW          709    .bss                uart.o
    0x20000040   0x00000040   Zero   RW          754    .bss                exti.o
    0x20000080   0x00000018   Zero   RW          839    .bss                timer.o
    0x20000098   0x00000400   Zero   RW         1133    STACK               startup_stm32f10x_md.o


==============================================================================

Image component sizes


      Code (inc. data)   RO Data    RW Data    ZI Data      Debug   Object Name

       204         20          0          0          0        935   dac_0832_chip.o
       860         38          0          0         64       3283   exti.o
       444         40          0          0          0       1408   gpio.o
       140         12          0          0          0     258562   main.o
       220         22          0          0          0       2077   misc.o
        12          0          0          0          0        456   nvic.o
        36          8        236          0       1024        812   startup_stm32f10x_md.o
       284         10          0          0          0       2511   stm32f10x_exti.o
       860         38          0          0          0       5917   stm32f10x_gpio.o
       932         36          0         20          0       9144   stm32f10x_rcc.o
      3610         88          0          0          0      22408   stm32f10x_tim.o
      1032         22          0          0          0       8648   stm32f10x_usart.o
       480         38          0         20          0       1915   system_stm32f10x.o
       384         16          0          4          0       1885   systick.o
      2188         80          0          0         24       7176   timer.o
       840         34          0          0         16       3242   uart.o

    ----------------------------------------------------------------------
     12528        502        268         44       1128     330379   Object Totals
         0          0         32          0          0          0   (incl. Generated)
         2          0          0          0          0          0   (incl. Padding)

    ----------------------------------------------------------------------

      Code (inc. data)   RO Data    RW Data    ZI Data      Debug   Library Member Name

         0          0          0          0          0          0   entry.o
         0          0          0          0          0          0   entry10a.o
         0          0          0          0          0          0   entry11a.o
         8          4          0          0          0          0   entry2.o
         4          0          0          0          0          0   entry5.o
         0          0          0          0          0          0   entry7b.o
         0          0          0          0          0          0   entry8b.o
         8          4          0          0          0          0   entry9a.o
        30          0          0          0          0          0   handlers.o
        36          8          0          0          0         68   init.o
         0          0          0          0          0          0   iusefp.o
        30          0          0          0          0         68   llshl.o
        36          0          0          0          0         68   llsshr.o
        32          0          0          0          0         68   llushr.o
        50          8          0          0          0        152   printfb.o
         0          0          0          4          0          0   stdout.o
       334          0          0          0          0        148   dadd.o
       182          0          0          0          0        176   depilogue.o
        62          0          0          0          0         80   dfixi.o
       228          0          0          0          0         96   dmul.o
        38          0          0          0          0         68   f2d.o

    ----------------------------------------------------------------------
      1080         24          0          4          0        992   Library Totals
         2          0          0          0          0          0   (incl. Padding)

    ----------------------------------------------------------------------

      Code (inc. data)   RO Data    RW Data    ZI Data      Debug   Library Name

       234         24          0          4          0        424   mc_w.l
       844          0          0          0          0        568   mf_w.l

    ----------------------------------------------------------------------
      1080         24          0          4          0        992   Library Totals

    ----------------------------------------------------------------------

==============================================================================


      Code (inc. data)   RO Data    RW Data    ZI Data      Debug   

     13608        526        268         48       1128     329495   Grand Totals
     13608        526        268         48       1128     329495   ELF Image Totals
     13608        526        268         48          0          0   ROM Totals

==============================================================================

    Total RO  Size (Code + RO Data)                13876 (  13.55kB)
    Total RW  Size (RW Data + ZI Data)              1176 (   1.15kB)
    Total ROM Size (Code + RO Data + RW Data)      13924 (  13.60kB)

==============================================================================

